ARM GAS  C:\Users\khjtony\AppData\Local\Temp\ccwnDwHg.s 			page 1


   1              		.syntax unified
   2              		.cpu cortex-m3
   3              		.fpu softvfp
   4              		.eabi_attribute 20, 1
   5              		.eabi_attribute 21, 1
   6              		.eabi_attribute 23, 3
   7              		.eabi_attribute 24, 1
   8              		.eabi_attribute 25, 1
   9              		.eabi_attribute 26, 1
  10              		.eabi_attribute 30, 6
  11              		.eabi_attribute 34, 1
  12              		.eabi_attribute 18, 4
  13              		.thumb
  14              		.file	"CAN_1_INT.c"
  15              		.text
  16              	.Ltext0:
  17              		.cfi_sections	.debug_frame
  18              		.section	.text.CAN_1_ISR,"ax",%progbits
  19              		.align	2
  20              		.global	CAN_1_ISR
  21              		.thumb
  22              		.thumb_func
  23              		.type	CAN_1_ISR, %function
  24              	CAN_1_ISR:
  25              	.LFB0:
  26              		.file 1 ".\\Generated_Source\\PSoC5\\CAN_1_INT.c"
   1:.\Generated_Source\PSoC5/CAN_1_INT.c **** /*******************************************************************************
   2:.\Generated_Source\PSoC5/CAN_1_INT.c **** * File Name: CAN_1_INT.c
   3:.\Generated_Source\PSoC5/CAN_1_INT.c **** * Version 2.30
   4:.\Generated_Source\PSoC5/CAN_1_INT.c **** *
   5:.\Generated_Source\PSoC5/CAN_1_INT.c **** * Description:
   6:.\Generated_Source\PSoC5/CAN_1_INT.c **** *  This file contains the Interrupt Service Routine (ISR) for the CAN
   7:.\Generated_Source\PSoC5/CAN_1_INT.c **** *  Component. Interrupt handlers functions generate accordingly to PSoC Creator 
   8:.\Generated_Source\PSoC5/CAN_1_INT.c **** *  Customizer inputs.
   9:.\Generated_Source\PSoC5/CAN_1_INT.c **** *
  10:.\Generated_Source\PSoC5/CAN_1_INT.c **** * Note:
  11:.\Generated_Source\PSoC5/CAN_1_INT.c **** *  None
  12:.\Generated_Source\PSoC5/CAN_1_INT.c **** *
  13:.\Generated_Source\PSoC5/CAN_1_INT.c **** ********************************************************************************
  14:.\Generated_Source\PSoC5/CAN_1_INT.c **** * Copyright 2008-2012, Cypress Semiconductor Corporation.  All rights reserved.
  15:.\Generated_Source\PSoC5/CAN_1_INT.c **** * You may use this file only in accordance with the license, terms, conditions,
  16:.\Generated_Source\PSoC5/CAN_1_INT.c **** * disclaimers, and limitations in the end user license agreement accompanying
  17:.\Generated_Source\PSoC5/CAN_1_INT.c **** * the software package with which this file was provided.
  18:.\Generated_Source\PSoC5/CAN_1_INT.c **** *******************************************************************************/
  19:.\Generated_Source\PSoC5/CAN_1_INT.c **** 
  20:.\Generated_Source\PSoC5/CAN_1_INT.c **** #include "CAN_1.h"
  21:.\Generated_Source\PSoC5/CAN_1_INT.c **** 
  22:.\Generated_Source\PSoC5/CAN_1_INT.c **** /* `#START CAN_INT_C_CODE_DEFINITION` */
  23:.\Generated_Source\PSoC5/CAN_1_INT.c **** 
  24:.\Generated_Source\PSoC5/CAN_1_INT.c **** /* `#END` */
  25:.\Generated_Source\PSoC5/CAN_1_INT.c **** 
  26:.\Generated_Source\PSoC5/CAN_1_INT.c **** #if (CAN_1_ARB_LOST)
  27:.\Generated_Source\PSoC5/CAN_1_INT.c **** 
  28:.\Generated_Source\PSoC5/CAN_1_INT.c ****     /*******************************************************************************
  29:.\Generated_Source\PSoC5/CAN_1_INT.c ****     * FUNCTION NAME:   CAN_1_ArbLost
  30:.\Generated_Source\PSoC5/CAN_1_INT.c ****     ********************************************************************************
  31:.\Generated_Source\PSoC5/CAN_1_INT.c ****     *
ARM GAS  C:\Users\khjtony\AppData\Local\Temp\ccwnDwHg.s 			page 2


  32:.\Generated_Source\PSoC5/CAN_1_INT.c ****     * Summary:
  33:.\Generated_Source\PSoC5/CAN_1_INT.c ****     *  This function is entry point to Arbitration Lost Interrupt. Clears
  34:.\Generated_Source\PSoC5/CAN_1_INT.c ****     *  Arbitration Lost interrupt flag. Only generated if Arbitration Lost
  35:.\Generated_Source\PSoC5/CAN_1_INT.c ****     *  Interrupt enable in Customizer.
  36:.\Generated_Source\PSoC5/CAN_1_INT.c ****     *
  37:.\Generated_Source\PSoC5/CAN_1_INT.c ****     * Parameters:
  38:.\Generated_Source\PSoC5/CAN_1_INT.c ****     *  None.
  39:.\Generated_Source\PSoC5/CAN_1_INT.c ****     *
  40:.\Generated_Source\PSoC5/CAN_1_INT.c ****     * Return:
  41:.\Generated_Source\PSoC5/CAN_1_INT.c ****     *  None.
  42:.\Generated_Source\PSoC5/CAN_1_INT.c ****     * 
  43:.\Generated_Source\PSoC5/CAN_1_INT.c ****     * Reentrant:
  44:.\Generated_Source\PSoC5/CAN_1_INT.c ****     *  Depends on Customer code.
  45:.\Generated_Source\PSoC5/CAN_1_INT.c ****     *
  46:.\Generated_Source\PSoC5/CAN_1_INT.c ****     *******************************************************************************/
  47:.\Generated_Source\PSoC5/CAN_1_INT.c ****     void CAN_1_ArbLostIsr(void) 
  48:.\Generated_Source\PSoC5/CAN_1_INT.c ****     {
  49:.\Generated_Source\PSoC5/CAN_1_INT.c ****         /* Clear Arbitration Lost flag */
  50:.\Generated_Source\PSoC5/CAN_1_INT.c ****         CAN_1_INT_SR_REG.byte[0u] = CAN_1_ARBITRATION_LOST_MASK;
  51:.\Generated_Source\PSoC5/CAN_1_INT.c ****     
  52:.\Generated_Source\PSoC5/CAN_1_INT.c ****         /* `#START ARBITRATION_LOST_ISR` */
  53:.\Generated_Source\PSoC5/CAN_1_INT.c **** 
  54:.\Generated_Source\PSoC5/CAN_1_INT.c ****         /* `#END` */
  55:.\Generated_Source\PSoC5/CAN_1_INT.c ****     }
  56:.\Generated_Source\PSoC5/CAN_1_INT.c ****     
  57:.\Generated_Source\PSoC5/CAN_1_INT.c **** #endif /* CAN_1_ARB_LOST */
  58:.\Generated_Source\PSoC5/CAN_1_INT.c **** 
  59:.\Generated_Source\PSoC5/CAN_1_INT.c **** #if (CAN_1_OVERLOAD)
  60:.\Generated_Source\PSoC5/CAN_1_INT.c **** 
  61:.\Generated_Source\PSoC5/CAN_1_INT.c ****     /*******************************************************************************
  62:.\Generated_Source\PSoC5/CAN_1_INT.c ****     * FUNCTION NAME:   CAN_1_OvrLdErrror
  63:.\Generated_Source\PSoC5/CAN_1_INT.c ****     ********************************************************************************
  64:.\Generated_Source\PSoC5/CAN_1_INT.c ****     *
  65:.\Generated_Source\PSoC5/CAN_1_INT.c ****     * Summary:
  66:.\Generated_Source\PSoC5/CAN_1_INT.c ****     *  This function is entry point to Overload Error Interrupt. Clears Overload
  67:.\Generated_Source\PSoC5/CAN_1_INT.c ****     *  Error interrupt flag. Only generated if Overload Error Interrupt enable
  68:.\Generated_Source\PSoC5/CAN_1_INT.c ****     *  in Customizer.
  69:.\Generated_Source\PSoC5/CAN_1_INT.c ****     *
  70:.\Generated_Source\PSoC5/CAN_1_INT.c ****     * Parameters:
  71:.\Generated_Source\PSoC5/CAN_1_INT.c ****     *  None.
  72:.\Generated_Source\PSoC5/CAN_1_INT.c ****     *
  73:.\Generated_Source\PSoC5/CAN_1_INT.c ****     * Return:
  74:.\Generated_Source\PSoC5/CAN_1_INT.c ****     *  None.        
  75:.\Generated_Source\PSoC5/CAN_1_INT.c ****     *
  76:.\Generated_Source\PSoC5/CAN_1_INT.c ****     * Reentrant:
  77:.\Generated_Source\PSoC5/CAN_1_INT.c ****     *  Depends on Customer code.
  78:.\Generated_Source\PSoC5/CAN_1_INT.c ****     *
  79:.\Generated_Source\PSoC5/CAN_1_INT.c ****     *******************************************************************************/
  80:.\Generated_Source\PSoC5/CAN_1_INT.c ****     void CAN_1_OvrLdErrorIsr(void) 
  81:.\Generated_Source\PSoC5/CAN_1_INT.c ****     {
  82:.\Generated_Source\PSoC5/CAN_1_INT.c ****         /* Clear Overload Error flag */
  83:.\Generated_Source\PSoC5/CAN_1_INT.c ****         CAN_1_INT_SR_REG.byte[0u] = CAN_1_OVERLOAD_ERROR_MASK;
  84:.\Generated_Source\PSoC5/CAN_1_INT.c ****     
  85:.\Generated_Source\PSoC5/CAN_1_INT.c ****         /* `#START OVER_LOAD_ERROR_ISR` */
  86:.\Generated_Source\PSoC5/CAN_1_INT.c **** 
  87:.\Generated_Source\PSoC5/CAN_1_INT.c ****         /* `#END` */
  88:.\Generated_Source\PSoC5/CAN_1_INT.c ****     }
ARM GAS  C:\Users\khjtony\AppData\Local\Temp\ccwnDwHg.s 			page 3


  89:.\Generated_Source\PSoC5/CAN_1_INT.c ****     
  90:.\Generated_Source\PSoC5/CAN_1_INT.c **** #endif /* CAN_1_OVERLOAD */
  91:.\Generated_Source\PSoC5/CAN_1_INT.c **** 
  92:.\Generated_Source\PSoC5/CAN_1_INT.c **** #if (CAN_1_BIT_ERR)
  93:.\Generated_Source\PSoC5/CAN_1_INT.c **** 
  94:.\Generated_Source\PSoC5/CAN_1_INT.c ****     /*******************************************************************************
  95:.\Generated_Source\PSoC5/CAN_1_INT.c ****     * FUNCTION NAME:   CAN_1_BitError
  96:.\Generated_Source\PSoC5/CAN_1_INT.c ****     ********************************************************************************
  97:.\Generated_Source\PSoC5/CAN_1_INT.c ****     *
  98:.\Generated_Source\PSoC5/CAN_1_INT.c ****     * Summary:
  99:.\Generated_Source\PSoC5/CAN_1_INT.c ****     *  This function is entry point to Bit Error Interrupt. Clears Bit Error
 100:.\Generated_Source\PSoC5/CAN_1_INT.c ****     *  interrupt flag. Only generated if Bit Error Interrupt enable in Customizer.
 101:.\Generated_Source\PSoC5/CAN_1_INT.c ****     *
 102:.\Generated_Source\PSoC5/CAN_1_INT.c ****     * Parameters:
 103:.\Generated_Source\PSoC5/CAN_1_INT.c ****     *  None.
 104:.\Generated_Source\PSoC5/CAN_1_INT.c ****     *
 105:.\Generated_Source\PSoC5/CAN_1_INT.c ****     * Return:
 106:.\Generated_Source\PSoC5/CAN_1_INT.c ****     *  None.
 107:.\Generated_Source\PSoC5/CAN_1_INT.c ****     *
 108:.\Generated_Source\PSoC5/CAN_1_INT.c ****     * Reentrant:
 109:.\Generated_Source\PSoC5/CAN_1_INT.c ****     *  Depends on Customer code.
 110:.\Generated_Source\PSoC5/CAN_1_INT.c ****     *
 111:.\Generated_Source\PSoC5/CAN_1_INT.c ****     *******************************************************************************/
 112:.\Generated_Source\PSoC5/CAN_1_INT.c ****     void CAN_1_BitErrorIsr(void) 
 113:.\Generated_Source\PSoC5/CAN_1_INT.c ****     {
 114:.\Generated_Source\PSoC5/CAN_1_INT.c ****         /* Clear Bit Error flag */
 115:.\Generated_Source\PSoC5/CAN_1_INT.c ****         CAN_1_INT_SR_REG.byte[0u] = CAN_1_BIT_ERROR_MASK;
 116:.\Generated_Source\PSoC5/CAN_1_INT.c ****     
 117:.\Generated_Source\PSoC5/CAN_1_INT.c ****         /* `#START BIT_ERROR_ISR` */
 118:.\Generated_Source\PSoC5/CAN_1_INT.c **** 
 119:.\Generated_Source\PSoC5/CAN_1_INT.c ****         /* `#END` */
 120:.\Generated_Source\PSoC5/CAN_1_INT.c ****     }
 121:.\Generated_Source\PSoC5/CAN_1_INT.c ****     
 122:.\Generated_Source\PSoC5/CAN_1_INT.c **** #endif /* CAN_1_BIT_ERR */
 123:.\Generated_Source\PSoC5/CAN_1_INT.c **** 
 124:.\Generated_Source\PSoC5/CAN_1_INT.c **** #if (CAN_1_STUFF_ERR)
 125:.\Generated_Source\PSoC5/CAN_1_INT.c **** 
 126:.\Generated_Source\PSoC5/CAN_1_INT.c ****     /*******************************************************************************
 127:.\Generated_Source\PSoC5/CAN_1_INT.c ****     * FUNCTION NAME:   CAN_1_BitStuffError
 128:.\Generated_Source\PSoC5/CAN_1_INT.c ****     ********************************************************************************
 129:.\Generated_Source\PSoC5/CAN_1_INT.c ****     *
 130:.\Generated_Source\PSoC5/CAN_1_INT.c ****     * Summary:
 131:.\Generated_Source\PSoC5/CAN_1_INT.c ****     *  This function is entry point to Bit Stuff Error Interrupt. Clears Bit Stuff
 132:.\Generated_Source\PSoC5/CAN_1_INT.c ****     *  Error interrupt flag. Only generated if Bit Stuff Error Interrupt enable
 133:.\Generated_Source\PSoC5/CAN_1_INT.c ****     *  in Customizer.
 134:.\Generated_Source\PSoC5/CAN_1_INT.c ****     *
 135:.\Generated_Source\PSoC5/CAN_1_INT.c ****     * Parameters:
 136:.\Generated_Source\PSoC5/CAN_1_INT.c ****     *  None.
 137:.\Generated_Source\PSoC5/CAN_1_INT.c ****     *
 138:.\Generated_Source\PSoC5/CAN_1_INT.c ****     * Return:
 139:.\Generated_Source\PSoC5/CAN_1_INT.c ****     *  None.
 140:.\Generated_Source\PSoC5/CAN_1_INT.c ****     *
 141:.\Generated_Source\PSoC5/CAN_1_INT.c ****     * Reentrant:
 142:.\Generated_Source\PSoC5/CAN_1_INT.c ****     *  Depends on Customer code.
 143:.\Generated_Source\PSoC5/CAN_1_INT.c ****     *
 144:.\Generated_Source\PSoC5/CAN_1_INT.c ****     *******************************************************************************/
 145:.\Generated_Source\PSoC5/CAN_1_INT.c ****     void CAN_1_BitStuffErrorIsr(void) 
ARM GAS  C:\Users\khjtony\AppData\Local\Temp\ccwnDwHg.s 			page 4


 146:.\Generated_Source\PSoC5/CAN_1_INT.c ****     {
 147:.\Generated_Source\PSoC5/CAN_1_INT.c ****         /* Clear Stuff Error flag */
 148:.\Generated_Source\PSoC5/CAN_1_INT.c ****         CAN_1_INT_SR_REG.byte[0u] = CAN_1_STUFF_ERROR_MASK;
 149:.\Generated_Source\PSoC5/CAN_1_INT.c ****     
 150:.\Generated_Source\PSoC5/CAN_1_INT.c ****         /* `#START BIT_STUFF_ERROR_ISR` */
 151:.\Generated_Source\PSoC5/CAN_1_INT.c **** 
 152:.\Generated_Source\PSoC5/CAN_1_INT.c ****         /* `#END` */
 153:.\Generated_Source\PSoC5/CAN_1_INT.c ****     }
 154:.\Generated_Source\PSoC5/CAN_1_INT.c ****     
 155:.\Generated_Source\PSoC5/CAN_1_INT.c **** #endif /* CAN_1_STUFF_ERR */
 156:.\Generated_Source\PSoC5/CAN_1_INT.c **** 
 157:.\Generated_Source\PSoC5/CAN_1_INT.c **** #if (CAN_1_ACK_ERR)
 158:.\Generated_Source\PSoC5/CAN_1_INT.c **** 
 159:.\Generated_Source\PSoC5/CAN_1_INT.c ****     /*******************************************************************************
 160:.\Generated_Source\PSoC5/CAN_1_INT.c ****     * FUNCTION NAME:   CAN_1_AckErrorIsr
 161:.\Generated_Source\PSoC5/CAN_1_INT.c ****     ********************************************************************************
 162:.\Generated_Source\PSoC5/CAN_1_INT.c ****     *
 163:.\Generated_Source\PSoC5/CAN_1_INT.c ****     * Summary:
 164:.\Generated_Source\PSoC5/CAN_1_INT.c ****     *  This function is entry point to Acknowledge Error Interrupt. Clears
 165:.\Generated_Source\PSoC5/CAN_1_INT.c ****     *  Acknowledge Error interrupt flag. Only generated if Acknowledge Error
 166:.\Generated_Source\PSoC5/CAN_1_INT.c ****     *  Interrupt enable in Customizer.
 167:.\Generated_Source\PSoC5/CAN_1_INT.c ****     *
 168:.\Generated_Source\PSoC5/CAN_1_INT.c ****     * Parameters:
 169:.\Generated_Source\PSoC5/CAN_1_INT.c ****     *  None.
 170:.\Generated_Source\PSoC5/CAN_1_INT.c ****     *
 171:.\Generated_Source\PSoC5/CAN_1_INT.c ****     * Return:
 172:.\Generated_Source\PSoC5/CAN_1_INT.c ****     *  None.
 173:.\Generated_Source\PSoC5/CAN_1_INT.c ****     *
 174:.\Generated_Source\PSoC5/CAN_1_INT.c ****     * Reentrant:
 175:.\Generated_Source\PSoC5/CAN_1_INT.c ****     *  Depends on Customer code.
 176:.\Generated_Source\PSoC5/CAN_1_INT.c ****     *
 177:.\Generated_Source\PSoC5/CAN_1_INT.c ****     *******************************************************************************/
 178:.\Generated_Source\PSoC5/CAN_1_INT.c ****     void CAN_1_AckErrorIsr(void) 
 179:.\Generated_Source\PSoC5/CAN_1_INT.c ****     {
 180:.\Generated_Source\PSoC5/CAN_1_INT.c ****         /* Clear Acknoledge Error flag */
 181:.\Generated_Source\PSoC5/CAN_1_INT.c ****         CAN_1_INT_SR_REG.byte[0u] = CAN_1_ACK_ERROR_MASK;
 182:.\Generated_Source\PSoC5/CAN_1_INT.c ****     
 183:.\Generated_Source\PSoC5/CAN_1_INT.c ****         /* `#START ACKNOWLEDGE_ERROR_ISR` */
 184:.\Generated_Source\PSoC5/CAN_1_INT.c **** 
 185:.\Generated_Source\PSoC5/CAN_1_INT.c ****         /* `#END` */
 186:.\Generated_Source\PSoC5/CAN_1_INT.c ****     }
 187:.\Generated_Source\PSoC5/CAN_1_INT.c ****     
 188:.\Generated_Source\PSoC5/CAN_1_INT.c **** #endif /* CAN_1_ACK_ERR */
 189:.\Generated_Source\PSoC5/CAN_1_INT.c **** 
 190:.\Generated_Source\PSoC5/CAN_1_INT.c **** #if (CAN_1_FORM_ERR)
 191:.\Generated_Source\PSoC5/CAN_1_INT.c **** 
 192:.\Generated_Source\PSoC5/CAN_1_INT.c ****     /*******************************************************************************
 193:.\Generated_Source\PSoC5/CAN_1_INT.c ****     * FUNCTION NAME:   CAN_1_MsgError
 194:.\Generated_Source\PSoC5/CAN_1_INT.c ****     ********************************************************************************
 195:.\Generated_Source\PSoC5/CAN_1_INT.c ****     *
 196:.\Generated_Source\PSoC5/CAN_1_INT.c ****     * Summary:
 197:.\Generated_Source\PSoC5/CAN_1_INT.c ****     *  This function is entry point to Form Error Interrupt. Clears Form Error
 198:.\Generated_Source\PSoC5/CAN_1_INT.c ****     *  interrupt flag. Only generated if Form Error Interrupt enable in Customizer.
 199:.\Generated_Source\PSoC5/CAN_1_INT.c ****     *
 200:.\Generated_Source\PSoC5/CAN_1_INT.c ****     * Parameters:
 201:.\Generated_Source\PSoC5/CAN_1_INT.c ****     *  None.
 202:.\Generated_Source\PSoC5/CAN_1_INT.c ****     *
ARM GAS  C:\Users\khjtony\AppData\Local\Temp\ccwnDwHg.s 			page 5


 203:.\Generated_Source\PSoC5/CAN_1_INT.c ****     * Return:
 204:.\Generated_Source\PSoC5/CAN_1_INT.c ****     *  None.
 205:.\Generated_Source\PSoC5/CAN_1_INT.c ****     *
 206:.\Generated_Source\PSoC5/CAN_1_INT.c ****     * Reentrant:
 207:.\Generated_Source\PSoC5/CAN_1_INT.c ****     *  Depends on Customer code.
 208:.\Generated_Source\PSoC5/CAN_1_INT.c ****     *
 209:.\Generated_Source\PSoC5/CAN_1_INT.c ****     *******************************************************************************/
 210:.\Generated_Source\PSoC5/CAN_1_INT.c ****     void CAN_1_MsgErrorIsr(void) 
 211:.\Generated_Source\PSoC5/CAN_1_INT.c ****     {
 212:.\Generated_Source\PSoC5/CAN_1_INT.c ****         /* Clear Form Error flag */
 213:.\Generated_Source\PSoC5/CAN_1_INT.c ****         CAN_1_INT_SR_REG.byte[0u] = CAN_1_FORM_ERROR_MASK;
 214:.\Generated_Source\PSoC5/CAN_1_INT.c ****     
 215:.\Generated_Source\PSoC5/CAN_1_INT.c ****         /* `#START MESSAGE_ERROR_ISR` */
 216:.\Generated_Source\PSoC5/CAN_1_INT.c **** 
 217:.\Generated_Source\PSoC5/CAN_1_INT.c ****         /* `#END` */
 218:.\Generated_Source\PSoC5/CAN_1_INT.c ****     }
 219:.\Generated_Source\PSoC5/CAN_1_INT.c ****     
 220:.\Generated_Source\PSoC5/CAN_1_INT.c **** #endif /* CAN_1_FORM_ERR */
 221:.\Generated_Source\PSoC5/CAN_1_INT.c **** 
 222:.\Generated_Source\PSoC5/CAN_1_INT.c **** #if (CAN_1_CRC_ERR)
 223:.\Generated_Source\PSoC5/CAN_1_INT.c **** 
 224:.\Generated_Source\PSoC5/CAN_1_INT.c ****     /*******************************************************************************
 225:.\Generated_Source\PSoC5/CAN_1_INT.c ****     * FUNCTION NAME:   CAN_1_CrcError
 226:.\Generated_Source\PSoC5/CAN_1_INT.c ****     ********************************************************************************
 227:.\Generated_Source\PSoC5/CAN_1_INT.c ****     *
 228:.\Generated_Source\PSoC5/CAN_1_INT.c ****     * Summary:
 229:.\Generated_Source\PSoC5/CAN_1_INT.c ****     *  This function is entry point to CRC Error Interrupt. Clears CRC Error
 230:.\Generated_Source\PSoC5/CAN_1_INT.c ****     *  interrupt flag. Only generated if CRC Error Interrupt enable in Customizer.
 231:.\Generated_Source\PSoC5/CAN_1_INT.c ****     *
 232:.\Generated_Source\PSoC5/CAN_1_INT.c ****     * Parameters:
 233:.\Generated_Source\PSoC5/CAN_1_INT.c ****     *  None.
 234:.\Generated_Source\PSoC5/CAN_1_INT.c ****     *
 235:.\Generated_Source\PSoC5/CAN_1_INT.c ****     * Return:
 236:.\Generated_Source\PSoC5/CAN_1_INT.c ****     *  None.
 237:.\Generated_Source\PSoC5/CAN_1_INT.c ****     *
 238:.\Generated_Source\PSoC5/CAN_1_INT.c ****     * Reentrant:
 239:.\Generated_Source\PSoC5/CAN_1_INT.c ****     *  Depends on Customer code.
 240:.\Generated_Source\PSoC5/CAN_1_INT.c ****     *
 241:.\Generated_Source\PSoC5/CAN_1_INT.c ****     *******************************************************************************/
 242:.\Generated_Source\PSoC5/CAN_1_INT.c ****     void CAN_1_CrcErrorIsr(void) 
 243:.\Generated_Source\PSoC5/CAN_1_INT.c ****     {
 244:.\Generated_Source\PSoC5/CAN_1_INT.c ****         /* Clear CRC Error flag */
 245:.\Generated_Source\PSoC5/CAN_1_INT.c ****         CAN_1_INT_SR_REG.byte[1u] = CAN_1_CRC_ERROR_MASK;
 246:.\Generated_Source\PSoC5/CAN_1_INT.c ****     
 247:.\Generated_Source\PSoC5/CAN_1_INT.c ****         /* `#START CRC_ERROR_ISR` */
 248:.\Generated_Source\PSoC5/CAN_1_INT.c **** 
 249:.\Generated_Source\PSoC5/CAN_1_INT.c ****         /* `#END` */
 250:.\Generated_Source\PSoC5/CAN_1_INT.c ****     }
 251:.\Generated_Source\PSoC5/CAN_1_INT.c ****     
 252:.\Generated_Source\PSoC5/CAN_1_INT.c **** #endif /* CAN_1_CRC_ERR */
 253:.\Generated_Source\PSoC5/CAN_1_INT.c **** 
 254:.\Generated_Source\PSoC5/CAN_1_INT.c **** #if (CAN_1_BUS_OFF)
 255:.\Generated_Source\PSoC5/CAN_1_INT.c **** 
 256:.\Generated_Source\PSoC5/CAN_1_INT.c ****     /*******************************************************************************
 257:.\Generated_Source\PSoC5/CAN_1_INT.c ****     * FUNCTION NAME:   CAN_1_BusOff
 258:.\Generated_Source\PSoC5/CAN_1_INT.c ****     ********************************************************************************
 259:.\Generated_Source\PSoC5/CAN_1_INT.c ****     *
ARM GAS  C:\Users\khjtony\AppData\Local\Temp\ccwnDwHg.s 			page 6


 260:.\Generated_Source\PSoC5/CAN_1_INT.c ****     * Summary:
 261:.\Generated_Source\PSoC5/CAN_1_INT.c ****     *  This function is entry point to Bus Off Interrupt. Places CAN Component
 262:.\Generated_Source\PSoC5/CAN_1_INT.c ****     *  to Stop mode. Only generated if Bus Off Interrupt enable in Customizer.
 263:.\Generated_Source\PSoC5/CAN_1_INT.c ****     *  Recommended setting to enable this interrupt.
 264:.\Generated_Source\PSoC5/CAN_1_INT.c ****     *
 265:.\Generated_Source\PSoC5/CAN_1_INT.c ****     * Parameters:
 266:.\Generated_Source\PSoC5/CAN_1_INT.c ****     *  None.
 267:.\Generated_Source\PSoC5/CAN_1_INT.c ****     *
 268:.\Generated_Source\PSoC5/CAN_1_INT.c ****     * Return:
 269:.\Generated_Source\PSoC5/CAN_1_INT.c ****     *  None.
 270:.\Generated_Source\PSoC5/CAN_1_INT.c ****     *
 271:.\Generated_Source\PSoC5/CAN_1_INT.c ****     * Side Effects:
 272:.\Generated_Source\PSoC5/CAN_1_INT.c ****     *  Disable power to the CAN Core.
 273:.\Generated_Source\PSoC5/CAN_1_INT.c ****     *
 274:.\Generated_Source\PSoC5/CAN_1_INT.c ****     *******************************************************************************/
 275:.\Generated_Source\PSoC5/CAN_1_INT.c ****     void CAN_1_BusOffIsr(void) 
 276:.\Generated_Source\PSoC5/CAN_1_INT.c ****     {        
 277:.\Generated_Source\PSoC5/CAN_1_INT.c ****         /* Clear Bus Off flag */
 278:.\Generated_Source\PSoC5/CAN_1_INT.c ****         CAN_1_INT_SR_REG.byte[1u] = CAN_1_BUS_OFF_MASK;
 279:.\Generated_Source\PSoC5/CAN_1_INT.c ****     
 280:.\Generated_Source\PSoC5/CAN_1_INT.c ****         /* `#START BUS_OFF_ISR` */
 281:.\Generated_Source\PSoC5/CAN_1_INT.c **** 
 282:.\Generated_Source\PSoC5/CAN_1_INT.c ****         /* `#END` */
 283:.\Generated_Source\PSoC5/CAN_1_INT.c ****         (void) CAN_1_Stop();
 284:.\Generated_Source\PSoC5/CAN_1_INT.c ****     }
 285:.\Generated_Source\PSoC5/CAN_1_INT.c ****     
 286:.\Generated_Source\PSoC5/CAN_1_INT.c **** #endif /* CAN_1_BUS_OFF */
 287:.\Generated_Source\PSoC5/CAN_1_INT.c **** 
 288:.\Generated_Source\PSoC5/CAN_1_INT.c **** #if (CAN_1_RX_MSG_LOST)
 289:.\Generated_Source\PSoC5/CAN_1_INT.c **** 
 290:.\Generated_Source\PSoC5/CAN_1_INT.c ****     /*******************************************************************************
 291:.\Generated_Source\PSoC5/CAN_1_INT.c ****     * FUNCTION NAME:   CAN_1_MsgLost
 292:.\Generated_Source\PSoC5/CAN_1_INT.c ****     ********************************************************************************
 293:.\Generated_Source\PSoC5/CAN_1_INT.c ****     *
 294:.\Generated_Source\PSoC5/CAN_1_INT.c ****     * Summary:
 295:.\Generated_Source\PSoC5/CAN_1_INT.c ****     *  This function is entry point to Message Lost Interrupt. Clears Message Lost
 296:.\Generated_Source\PSoC5/CAN_1_INT.c ****     *  interrupt flag. Only generated if Message Lost Interrupt enable in Customizer
 297:.\Generated_Source\PSoC5/CAN_1_INT.c ****     *
 298:.\Generated_Source\PSoC5/CAN_1_INT.c ****     * Parameters:
 299:.\Generated_Source\PSoC5/CAN_1_INT.c ****     *  None.
 300:.\Generated_Source\PSoC5/CAN_1_INT.c ****     *
 301:.\Generated_Source\PSoC5/CAN_1_INT.c ****     * Return:
 302:.\Generated_Source\PSoC5/CAN_1_INT.c ****     *  None.
 303:.\Generated_Source\PSoC5/CAN_1_INT.c ****     *
 304:.\Generated_Source\PSoC5/CAN_1_INT.c ****     * Reentrant:
 305:.\Generated_Source\PSoC5/CAN_1_INT.c ****     *  Depends on Customer code.
 306:.\Generated_Source\PSoC5/CAN_1_INT.c ****     *
 307:.\Generated_Source\PSoC5/CAN_1_INT.c ****     *******************************************************************************/
 308:.\Generated_Source\PSoC5/CAN_1_INT.c ****     void CAN_1_MsgLostIsr(void) 
 309:.\Generated_Source\PSoC5/CAN_1_INT.c ****     {
 310:.\Generated_Source\PSoC5/CAN_1_INT.c ****         /* Clear Receive Message Lost flag */
 311:.\Generated_Source\PSoC5/CAN_1_INT.c ****         CAN_1_INT_SR_REG.byte[1u] = CAN_1_RX_MSG_LOST_MASK;
 312:.\Generated_Source\PSoC5/CAN_1_INT.c ****     
 313:.\Generated_Source\PSoC5/CAN_1_INT.c ****         /* `#START MESSAGE_LOST_ISR` */
 314:.\Generated_Source\PSoC5/CAN_1_INT.c **** 
 315:.\Generated_Source\PSoC5/CAN_1_INT.c ****         /* `#END` */
 316:.\Generated_Source\PSoC5/CAN_1_INT.c ****     }
ARM GAS  C:\Users\khjtony\AppData\Local\Temp\ccwnDwHg.s 			page 7


 317:.\Generated_Source\PSoC5/CAN_1_INT.c ****     
 318:.\Generated_Source\PSoC5/CAN_1_INT.c **** #endif /* CAN_1_RX_MSG_LOST */
 319:.\Generated_Source\PSoC5/CAN_1_INT.c **** 
 320:.\Generated_Source\PSoC5/CAN_1_INT.c **** #if (CAN_1_TX_MESSAGE)
 321:.\Generated_Source\PSoC5/CAN_1_INT.c **** 
 322:.\Generated_Source\PSoC5/CAN_1_INT.c ****     /*******************************************************************************
 323:.\Generated_Source\PSoC5/CAN_1_INT.c ****     * FUNCTION NAME:   CAN_1_MsgTXIsr
 324:.\Generated_Source\PSoC5/CAN_1_INT.c ****     ********************************************************************************
 325:.\Generated_Source\PSoC5/CAN_1_INT.c ****     *
 326:.\Generated_Source\PSoC5/CAN_1_INT.c ****     * Summary:
 327:.\Generated_Source\PSoC5/CAN_1_INT.c ****     *  This function is entry point to Transmit Message Interrupt. Clears Transmit
 328:.\Generated_Source\PSoC5/CAN_1_INT.c ****     *  Message interrupt flag. Only generated if Transmit Message Interrupt enable
 329:.\Generated_Source\PSoC5/CAN_1_INT.c ****     *  in Customizer.
 330:.\Generated_Source\PSoC5/CAN_1_INT.c ****     *
 331:.\Generated_Source\PSoC5/CAN_1_INT.c ****     * Parameters:
 332:.\Generated_Source\PSoC5/CAN_1_INT.c ****     *  None.
 333:.\Generated_Source\PSoC5/CAN_1_INT.c ****     *
 334:.\Generated_Source\PSoC5/CAN_1_INT.c ****     * Return:
 335:.\Generated_Source\PSoC5/CAN_1_INT.c ****     *  None.    
 336:.\Generated_Source\PSoC5/CAN_1_INT.c ****     *
 337:.\Generated_Source\PSoC5/CAN_1_INT.c ****     * Reentrant:
 338:.\Generated_Source\PSoC5/CAN_1_INT.c ****     *  Depends on Customer code.
 339:.\Generated_Source\PSoC5/CAN_1_INT.c ****     *
 340:.\Generated_Source\PSoC5/CAN_1_INT.c ****     *******************************************************************************/
 341:.\Generated_Source\PSoC5/CAN_1_INT.c ****     void CAN_1_MsgTXIsr(void) 
 342:.\Generated_Source\PSoC5/CAN_1_INT.c ****     {
 343:.\Generated_Source\PSoC5/CAN_1_INT.c ****         /* Clear Transmit Message flag */
 344:.\Generated_Source\PSoC5/CAN_1_INT.c ****         CAN_1_INT_SR_REG.byte[1u] = CAN_1_TX_MESSAGE_MASK;
 345:.\Generated_Source\PSoC5/CAN_1_INT.c ****         
 346:.\Generated_Source\PSoC5/CAN_1_INT.c ****         /* `#START MESSAGE_TRANSMITTED_ISR` */
 347:.\Generated_Source\PSoC5/CAN_1_INT.c **** 
 348:.\Generated_Source\PSoC5/CAN_1_INT.c ****         /* `#END` */
 349:.\Generated_Source\PSoC5/CAN_1_INT.c ****     }
 350:.\Generated_Source\PSoC5/CAN_1_INT.c ****     
 351:.\Generated_Source\PSoC5/CAN_1_INT.c **** #endif /* CAN_1_TX_MESSAGE */
 352:.\Generated_Source\PSoC5/CAN_1_INT.c **** 
 353:.\Generated_Source\PSoC5/CAN_1_INT.c **** #if (CAN_1_RX_MESSAGE)
 354:.\Generated_Source\PSoC5/CAN_1_INT.c **** 
 355:.\Generated_Source\PSoC5/CAN_1_INT.c ****     /*******************************************************************************
 356:.\Generated_Source\PSoC5/CAN_1_INT.c ****     * FUNCTION NAME:   CAN_1_MsgRXIsr
 357:.\Generated_Source\PSoC5/CAN_1_INT.c ****     ********************************************************************************
 358:.\Generated_Source\PSoC5/CAN_1_INT.c ****     *
 359:.\Generated_Source\PSoC5/CAN_1_INT.c ****     * Summary:
 360:.\Generated_Source\PSoC5/CAN_1_INT.c ****     *  This function is entry point to Receive Message Interrupt. Clears Receive
 361:.\Generated_Source\PSoC5/CAN_1_INT.c ****     *  Message interrupt flag and call appropriate handlers for Basic and Full
 362:.\Generated_Source\PSoC5/CAN_1_INT.c ****     *  interrupt based mailboxes. Only generated if Receive Message Interrupt
 363:.\Generated_Source\PSoC5/CAN_1_INT.c ****     *  enable in Customizer. Recommended setting to enable this interrupt.
 364:.\Generated_Source\PSoC5/CAN_1_INT.c ****     *
 365:.\Generated_Source\PSoC5/CAN_1_INT.c ****     * Parameters:
 366:.\Generated_Source\PSoC5/CAN_1_INT.c ****     *  None.
 367:.\Generated_Source\PSoC5/CAN_1_INT.c ****     *
 368:.\Generated_Source\PSoC5/CAN_1_INT.c ****     * Return:
 369:.\Generated_Source\PSoC5/CAN_1_INT.c ****     *  None.
 370:.\Generated_Source\PSoC5/CAN_1_INT.c ****     *
 371:.\Generated_Source\PSoC5/CAN_1_INT.c ****     *******************************************************************************/
 372:.\Generated_Source\PSoC5/CAN_1_INT.c ****     void CAN_1_MsgRXIsr(void) 
 373:.\Generated_Source\PSoC5/CAN_1_INT.c ****     {
ARM GAS  C:\Users\khjtony\AppData\Local\Temp\ccwnDwHg.s 			page 8


 374:.\Generated_Source\PSoC5/CAN_1_INT.c ****         uint8 i;
 375:.\Generated_Source\PSoC5/CAN_1_INT.c ****         uint16 shift = 0x01u;
 376:.\Generated_Source\PSoC5/CAN_1_INT.c ****     
 377:.\Generated_Source\PSoC5/CAN_1_INT.c ****         /* Clear Receive Message flag */
 378:.\Generated_Source\PSoC5/CAN_1_INT.c ****         CAN_1_INT_SR_REG.byte[1u] = CAN_1_RX_MESSAGE_MASK;
 379:.\Generated_Source\PSoC5/CAN_1_INT.c ****         
 380:.\Generated_Source\PSoC5/CAN_1_INT.c ****         /* `#START MESSAGE_RECEIVE_ISR` */
 381:.\Generated_Source\PSoC5/CAN_1_INT.c **** 
 382:.\Generated_Source\PSoC5/CAN_1_INT.c ****         /* `#END` */
 383:.\Generated_Source\PSoC5/CAN_1_INT.c ****     
 384:.\Generated_Source\PSoC5/CAN_1_INT.c ****         for (i = 0u; i < CAN_1_NUMBER_OF_RX_MAILBOXES; i++)
 385:.\Generated_Source\PSoC5/CAN_1_INT.c ****         {
 386:.\Generated_Source\PSoC5/CAN_1_INT.c ****             if ((CY_GET_REG16((reg16 *) &CAN_1_BUF_SR_REG.byte[0u]) & shift) == shift)
 387:.\Generated_Source\PSoC5/CAN_1_INT.c ****             {
 388:.\Generated_Source\PSoC5/CAN_1_INT.c ****                 if ((CAN_1_RX[i].rxcmd.byte[0u] & CAN_1_RX_INT_ENABLE_MASK) ==
 389:.\Generated_Source\PSoC5/CAN_1_INT.c ****                     CAN_1_RX_INT_ENABLE_MASK)
 390:.\Generated_Source\PSoC5/CAN_1_INT.c ****                 {
 391:.\Generated_Source\PSoC5/CAN_1_INT.c ****                     if ((CAN_1_RX_MAILBOX_TYPE & shift) == shift)
 392:.\Generated_Source\PSoC5/CAN_1_INT.c ****                     {
 393:.\Generated_Source\PSoC5/CAN_1_INT.c ****                         /* RX Full mailboxes handler */
 394:.\Generated_Source\PSoC5/CAN_1_INT.c ****                         switch(i)
 395:.\Generated_Source\PSoC5/CAN_1_INT.c ****                         {
 396:.\Generated_Source\PSoC5/CAN_1_INT.c ****                             default:
 397:.\Generated_Source\PSoC5/CAN_1_INT.c ****                             break;
 398:.\Generated_Source\PSoC5/CAN_1_INT.c ****                         }
 399:.\Generated_Source\PSoC5/CAN_1_INT.c ****                     }
 400:.\Generated_Source\PSoC5/CAN_1_INT.c ****                     else
 401:.\Generated_Source\PSoC5/CAN_1_INT.c ****                     {
 402:.\Generated_Source\PSoC5/CAN_1_INT.c ****                         /* RX Basic mailbox handler */
 403:.\Generated_Source\PSoC5/CAN_1_INT.c ****                         CAN_1_ReceiveMsg(i);
 404:.\Generated_Source\PSoC5/CAN_1_INT.c ****                     }
 405:.\Generated_Source\PSoC5/CAN_1_INT.c ****                 }
 406:.\Generated_Source\PSoC5/CAN_1_INT.c ****             }
 407:.\Generated_Source\PSoC5/CAN_1_INT.c ****             shift <<= 1u;
 408:.\Generated_Source\PSoC5/CAN_1_INT.c ****         }            
 409:.\Generated_Source\PSoC5/CAN_1_INT.c ****     }
 410:.\Generated_Source\PSoC5/CAN_1_INT.c ****     
 411:.\Generated_Source\PSoC5/CAN_1_INT.c **** #endif /* CAN_1_RX_MESSAGE */
 412:.\Generated_Source\PSoC5/CAN_1_INT.c **** 
 413:.\Generated_Source\PSoC5/CAN_1_INT.c **** 
 414:.\Generated_Source\PSoC5/CAN_1_INT.c **** /*******************************************************************************
 415:.\Generated_Source\PSoC5/CAN_1_INT.c **** * Function Name: CAN_1_ISR
 416:.\Generated_Source\PSoC5/CAN_1_INT.c **** ********************************************************************************
 417:.\Generated_Source\PSoC5/CAN_1_INT.c **** *
 418:.\Generated_Source\PSoC5/CAN_1_INT.c **** * Summary:
 419:.\Generated_Source\PSoC5/CAN_1_INT.c **** *  This ISR is executed when CAN core generate interrupt on one of events:
 420:.\Generated_Source\PSoC5/CAN_1_INT.c **** *  Arb_lost, Overload, Bit_err, Stuff_err, Ack_err, Form_err, Crc_err,
 421:.\Generated_Source\PSoC5/CAN_1_INT.c **** *  Buss_off, Rx_msg_lost, Tx_msg or Rx_msg. The interrupt sources depends
 422:.\Generated_Source\PSoC5/CAN_1_INT.c **** *  on Customizer inputs.
 423:.\Generated_Source\PSoC5/CAN_1_INT.c **** *
 424:.\Generated_Source\PSoC5/CAN_1_INT.c **** * Parameters:
 425:.\Generated_Source\PSoC5/CAN_1_INT.c **** *  None.
 426:.\Generated_Source\PSoC5/CAN_1_INT.c **** *
 427:.\Generated_Source\PSoC5/CAN_1_INT.c **** * Return:
 428:.\Generated_Source\PSoC5/CAN_1_INT.c **** *  None.
 429:.\Generated_Source\PSoC5/CAN_1_INT.c **** *
 430:.\Generated_Source\PSoC5/CAN_1_INT.c **** *******************************************************************************/
ARM GAS  C:\Users\khjtony\AppData\Local\Temp\ccwnDwHg.s 			page 9


 431:.\Generated_Source\PSoC5/CAN_1_INT.c **** CY_ISR(CAN_1_ISR)
 432:.\Generated_Source\PSoC5/CAN_1_INT.c **** {
  27              		.loc 1 432 0
  28              		.cfi_startproc
  29              		@ args = 0, pretend = 0, frame = 0
  30              		@ frame_needed = 1, uses_anonymous_args = 0
  31              		@ link register save eliminated.
  32 0000 80B4     		push	{r7}
  33              		.cfi_def_cfa_offset 4
  34              		.cfi_offset 7, -4
  35 0002 00AF     		add	r7, sp, #0
  36              		.cfi_def_cfa_register 7
 433:.\Generated_Source\PSoC5/CAN_1_INT.c ****     /* Place your Interrupt code here. */
 434:.\Generated_Source\PSoC5/CAN_1_INT.c ****     /* `#START CAN_ISR` */
 435:.\Generated_Source\PSoC5/CAN_1_INT.c **** 
 436:.\Generated_Source\PSoC5/CAN_1_INT.c ****     /* `#END` */    
 437:.\Generated_Source\PSoC5/CAN_1_INT.c ****     
 438:.\Generated_Source\PSoC5/CAN_1_INT.c ****     /* Arbitration */
 439:.\Generated_Source\PSoC5/CAN_1_INT.c ****     #if (CAN_1_ARB_LOST && (CAN_1_ARB_LOST_USE_HELPER || \
 440:.\Generated_Source\PSoC5/CAN_1_INT.c ****         (!CAN_1_ADVANCED_INTERRUPT_CFG)))
 441:.\Generated_Source\PSoC5/CAN_1_INT.c ****         if ((CAN_1_INT_SR_REG.byte[0u] & CAN_1_ARBITRATION_LOST_MASK) ==
 442:.\Generated_Source\PSoC5/CAN_1_INT.c ****              CAN_1_ARBITRATION_LOST_MASK)
 443:.\Generated_Source\PSoC5/CAN_1_INT.c ****         {
 444:.\Generated_Source\PSoC5/CAN_1_INT.c ****             CAN_1_ArbLostIsr();
 445:.\Generated_Source\PSoC5/CAN_1_INT.c ****         } 
 446:.\Generated_Source\PSoC5/CAN_1_INT.c ****     #endif /* CAN_1_ARB_LOST && CAN_1_ARB_LOST_USE_HELPER */
 447:.\Generated_Source\PSoC5/CAN_1_INT.c ****     
 448:.\Generated_Source\PSoC5/CAN_1_INT.c ****     /* Overload Error */
 449:.\Generated_Source\PSoC5/CAN_1_INT.c ****     #if (CAN_1_OVERLOAD && (CAN_1_OVERLOAD_USE_HELPER || \
 450:.\Generated_Source\PSoC5/CAN_1_INT.c ****         (!CAN_1_ADVANCED_INTERRUPT_CFG)))
 451:.\Generated_Source\PSoC5/CAN_1_INT.c ****         if ((CAN_1_INT_SR_REG.byte[0u] & CAN_1_OVERLOAD_ERROR_MASK) ==
 452:.\Generated_Source\PSoC5/CAN_1_INT.c ****              CAN_1_OVERLOAD_ERROR_MASK)
 453:.\Generated_Source\PSoC5/CAN_1_INT.c ****         {
 454:.\Generated_Source\PSoC5/CAN_1_INT.c ****             CAN_1_OvrLdErrorIsr();
 455:.\Generated_Source\PSoC5/CAN_1_INT.c ****         }
 456:.\Generated_Source\PSoC5/CAN_1_INT.c ****     #endif /* CAN_1_OVERLOAD && CAN_1_OVERLOAD_USE_HELPER */
 457:.\Generated_Source\PSoC5/CAN_1_INT.c ****     
 458:.\Generated_Source\PSoC5/CAN_1_INT.c ****     /* Bit Error */
 459:.\Generated_Source\PSoC5/CAN_1_INT.c ****     #if (CAN_1_BIT_ERR && (CAN_1_BIT_ERR_USE_HELPER || \
 460:.\Generated_Source\PSoC5/CAN_1_INT.c ****         (!CAN_1_ADVANCED_INTERRUPT_CFG)))
 461:.\Generated_Source\PSoC5/CAN_1_INT.c ****         if ((CAN_1_INT_SR_REG.byte[0u] & CAN_1_BIT_ERROR_MASK) == CAN_1_BIT_ERROR_MASK)
 462:.\Generated_Source\PSoC5/CAN_1_INT.c ****         {
 463:.\Generated_Source\PSoC5/CAN_1_INT.c ****             CAN_1_BitErrorIsr();
 464:.\Generated_Source\PSoC5/CAN_1_INT.c ****         }
 465:.\Generated_Source\PSoC5/CAN_1_INT.c ****     #endif /* CAN_1_BIT_ERR && CAN_1_BIT_ERR_USE_HELPER */
 466:.\Generated_Source\PSoC5/CAN_1_INT.c ****     
 467:.\Generated_Source\PSoC5/CAN_1_INT.c ****     /* Bit Staff Error */
 468:.\Generated_Source\PSoC5/CAN_1_INT.c ****     #if (CAN_1_STUFF_ERR && (CAN_1_STUFF_ERR_USE_HELPER || \
 469:.\Generated_Source\PSoC5/CAN_1_INT.c ****         (!CAN_1_ADVANCED_INTERRUPT_CFG)))
 470:.\Generated_Source\PSoC5/CAN_1_INT.c ****         if ((CAN_1_INT_SR_REG.byte[0u] & CAN_1_STUFF_ERROR_MASK) ==
 471:.\Generated_Source\PSoC5/CAN_1_INT.c ****              CAN_1_STUFF_ERROR_MASK)
 472:.\Generated_Source\PSoC5/CAN_1_INT.c ****         {
 473:.\Generated_Source\PSoC5/CAN_1_INT.c ****             CAN_1_BitStuffErrorIsr();
 474:.\Generated_Source\PSoC5/CAN_1_INT.c ****         }
 475:.\Generated_Source\PSoC5/CAN_1_INT.c ****     #endif /* CAN_1_STUFF_ERR && CAN_1_STUFF_ERR_USE_HELPER */
 476:.\Generated_Source\PSoC5/CAN_1_INT.c ****     
 477:.\Generated_Source\PSoC5/CAN_1_INT.c ****     /* ACK Error */
ARM GAS  C:\Users\khjtony\AppData\Local\Temp\ccwnDwHg.s 			page 10


 478:.\Generated_Source\PSoC5/CAN_1_INT.c ****     #if (CAN_1_ACK_ERR && (CAN_1_ACK_ERR_USE_HELPER || \
 479:.\Generated_Source\PSoC5/CAN_1_INT.c ****         (!CAN_1_ADVANCED_INTERRUPT_CFG)))
 480:.\Generated_Source\PSoC5/CAN_1_INT.c ****         if ((CAN_1_INT_SR_REG.byte[0u] & CAN_1_ACK_ERROR_MASK) ==
 481:.\Generated_Source\PSoC5/CAN_1_INT.c ****              CAN_1_ACK_ERROR_MASK)
 482:.\Generated_Source\PSoC5/CAN_1_INT.c ****         {
 483:.\Generated_Source\PSoC5/CAN_1_INT.c ****             CAN_1_AckErrorIsr();
 484:.\Generated_Source\PSoC5/CAN_1_INT.c ****         }
 485:.\Generated_Source\PSoC5/CAN_1_INT.c ****     #endif /* CAN_1_ACK_ERR && CAN_1_ACK_ERR_USE_HELPER */
 486:.\Generated_Source\PSoC5/CAN_1_INT.c ****     
 487:.\Generated_Source\PSoC5/CAN_1_INT.c ****     /* Form(msg) Error */
 488:.\Generated_Source\PSoC5/CAN_1_INT.c ****     #if (CAN_1_FORM_ERR && (CAN_1_FORM_ERR_USE_HELPER || \
 489:.\Generated_Source\PSoC5/CAN_1_INT.c ****         (!CAN_1_ADVANCED_INTERRUPT_CFG)))
 490:.\Generated_Source\PSoC5/CAN_1_INT.c ****         if ((CAN_1_INT_SR_REG.byte[0u] & CAN_1_FORM_ERROR_MASK) ==
 491:.\Generated_Source\PSoC5/CAN_1_INT.c ****              CAN_1_FORM_ERROR_MASK)
 492:.\Generated_Source\PSoC5/CAN_1_INT.c ****         {
 493:.\Generated_Source\PSoC5/CAN_1_INT.c ****             CAN_1_MsgErrorIsr();
 494:.\Generated_Source\PSoC5/CAN_1_INT.c ****         }
 495:.\Generated_Source\PSoC5/CAN_1_INT.c ****     #endif /* CAN_1_FORM_ERR && CAN_1_FORM_ERR_USE_HELPER */
 496:.\Generated_Source\PSoC5/CAN_1_INT.c ****     
 497:.\Generated_Source\PSoC5/CAN_1_INT.c ****     /* CRC Error */
 498:.\Generated_Source\PSoC5/CAN_1_INT.c ****     #if (CAN_1_CRC_ERR && (CAN_1_CRC_ERR_USE_HELPER || \
 499:.\Generated_Source\PSoC5/CAN_1_INT.c ****         (!CAN_1_ADVANCED_INTERRUPT_CFG)))
 500:.\Generated_Source\PSoC5/CAN_1_INT.c ****         if ((CAN_1_INT_SR_REG.byte[1u] & CAN_1_CRC_ERROR_MASK) == CAN_1_CRC_ERROR_MASK)
 501:.\Generated_Source\PSoC5/CAN_1_INT.c ****         {
 502:.\Generated_Source\PSoC5/CAN_1_INT.c ****             CAN_1_CrcErrorIsr();
 503:.\Generated_Source\PSoC5/CAN_1_INT.c ****         }
 504:.\Generated_Source\PSoC5/CAN_1_INT.c ****     #endif /* CAN_1_CRC_ERR && CAN_1_CRC_ERR_USE_HELPER */
 505:.\Generated_Source\PSoC5/CAN_1_INT.c ****     
 506:.\Generated_Source\PSoC5/CAN_1_INT.c ****     /* Bus Off state */
 507:.\Generated_Source\PSoC5/CAN_1_INT.c ****     #if (CAN_1_BUS_OFF && (CAN_1_BUS_OFF_USE_HELPER || \
 508:.\Generated_Source\PSoC5/CAN_1_INT.c ****         (!CAN_1_ADVANCED_INTERRUPT_CFG)))
 509:.\Generated_Source\PSoC5/CAN_1_INT.c ****         if ((CAN_1_INT_SR_REG.byte[1u] & CAN_1_BUS_OFF_MASK) == CAN_1_BUS_OFF_MASK)
 510:.\Generated_Source\PSoC5/CAN_1_INT.c ****         {
 511:.\Generated_Source\PSoC5/CAN_1_INT.c ****             CAN_1_BusOffIsr();
 512:.\Generated_Source\PSoC5/CAN_1_INT.c ****         }
 513:.\Generated_Source\PSoC5/CAN_1_INT.c ****     #endif /* CAN_1_BUS_OFF && CAN_1_BUS_OFF_USE_HELPER */
 514:.\Generated_Source\PSoC5/CAN_1_INT.c ****     
 515:.\Generated_Source\PSoC5/CAN_1_INT.c ****     /* Message Lost */
 516:.\Generated_Source\PSoC5/CAN_1_INT.c ****     #if (CAN_1_RX_MSG_LOST && (CAN_1_RX_MSG_LOST_USE_HELPER || \
 517:.\Generated_Source\PSoC5/CAN_1_INT.c ****         (!CAN_1_ADVANCED_INTERRUPT_CFG)))
 518:.\Generated_Source\PSoC5/CAN_1_INT.c ****         if ((CAN_1_INT_SR_REG.byte[1u] & CAN_1_RX_MSG_LOST_MASK) ==
 519:.\Generated_Source\PSoC5/CAN_1_INT.c ****              CAN_1_RX_MSG_LOST_MASK)
 520:.\Generated_Source\PSoC5/CAN_1_INT.c ****         {
 521:.\Generated_Source\PSoC5/CAN_1_INT.c ****             CAN_1_MsgLostIsr();
 522:.\Generated_Source\PSoC5/CAN_1_INT.c ****         }
 523:.\Generated_Source\PSoC5/CAN_1_INT.c ****     #endif /* CAN_1_RX_MSG_LOST && CAN_1_RX_MSG_LOST_USE_HELPER */
 524:.\Generated_Source\PSoC5/CAN_1_INT.c ****     
 525:.\Generated_Source\PSoC5/CAN_1_INT.c ****     /* TX Message Send */
 526:.\Generated_Source\PSoC5/CAN_1_INT.c ****     #if (CAN_1_TX_MESSAGE && (CAN_1_TX_MESSAGE_USE_HELPER || \
 527:.\Generated_Source\PSoC5/CAN_1_INT.c ****         (!CAN_1_ADVANCED_INTERRUPT_CFG)))
 528:.\Generated_Source\PSoC5/CAN_1_INT.c ****         if ((CAN_1_INT_SR_REG.byte[1u] & CAN_1_TX_MESSAGE_MASK) ==
 529:.\Generated_Source\PSoC5/CAN_1_INT.c ****              CAN_1_TX_MESSAGE_MASK)
 530:.\Generated_Source\PSoC5/CAN_1_INT.c ****         {
 531:.\Generated_Source\PSoC5/CAN_1_INT.c ****             CAN_1_MsgTXIsr();
 532:.\Generated_Source\PSoC5/CAN_1_INT.c ****         }
 533:.\Generated_Source\PSoC5/CAN_1_INT.c ****     #endif /* CAN_1_TX_MESSAGE && CAN_1_TX_MESSAGE_USE_HELPER */
 534:.\Generated_Source\PSoC5/CAN_1_INT.c ****     
ARM GAS  C:\Users\khjtony\AppData\Local\Temp\ccwnDwHg.s 			page 11


 535:.\Generated_Source\PSoC5/CAN_1_INT.c ****     /* RX Message Available */
 536:.\Generated_Source\PSoC5/CAN_1_INT.c ****     #if (CAN_1_RX_MESSAGE && (CAN_1_RX_MESSAGE_USE_HELPER || \
 537:.\Generated_Source\PSoC5/CAN_1_INT.c ****         (!CAN_1_ADVANCED_INTERRUPT_CFG)))
 538:.\Generated_Source\PSoC5/CAN_1_INT.c ****         if ((CAN_1_INT_SR_REG.byte[1u] & CAN_1_RX_MESSAGE_MASK) ==
 539:.\Generated_Source\PSoC5/CAN_1_INT.c ****              CAN_1_RX_MESSAGE_MASK)
 540:.\Generated_Source\PSoC5/CAN_1_INT.c ****         {
 541:.\Generated_Source\PSoC5/CAN_1_INT.c ****             CAN_1_MsgRXIsr();
 542:.\Generated_Source\PSoC5/CAN_1_INT.c ****         }
 543:.\Generated_Source\PSoC5/CAN_1_INT.c ****     #endif /* CAN_1_RX_MESSAGE && CAN_1_RX_MESSAGE_USE_HELPER */
 544:.\Generated_Source\PSoC5/CAN_1_INT.c **** 
 545:.\Generated_Source\PSoC5/CAN_1_INT.c **** 
 546:.\Generated_Source\PSoC5/CAN_1_INT.c **** }
  37              		.loc 1 546 0
  38 0004 BD46     		mov	sp, r7
  39              		@ sp needed
  40 0006 5DF8047B 		ldr	r7, [sp], #4
  41 000a 7047     		bx	lr
  42              		.cfi_endproc
  43              	.LFE0:
  44              		.size	CAN_1_ISR, .-CAN_1_ISR
  45              		.text
  46              	.Letext0:
  47              		.section	.debug_info,"",%progbits
  48              	.Ldebug_info0:
  49 0000 96000000 		.4byte	0x96
  50 0004 0400     		.2byte	0x4
  51 0006 00000000 		.4byte	.Ldebug_abbrev0
  52 000a 04       		.byte	0x4
  53 000b 01       		.uleb128 0x1
  54 000c FC000000 		.4byte	.LASF13
  55 0010 01       		.byte	0x1
  56 0011 0E000000 		.4byte	.LASF14
  57 0015 69000000 		.4byte	.LASF15
  58 0019 00000000 		.4byte	.Ldebug_ranges0+0
  59 001d 00000000 		.4byte	0
  60 0021 00000000 		.4byte	.Ldebug_line0
  61 0025 02       		.uleb128 0x2
  62 0026 01       		.byte	0x1
  63 0027 06       		.byte	0x6
  64 0028 E0000000 		.4byte	.LASF0
  65 002c 02       		.uleb128 0x2
  66 002d 01       		.byte	0x1
  67 002e 08       		.byte	0x8
  68 002f A0000000 		.4byte	.LASF1
  69 0033 02       		.uleb128 0x2
  70 0034 02       		.byte	0x2
  71 0035 05       		.byte	0x5
  72 0036 F2000000 		.4byte	.LASF2
  73 003a 02       		.uleb128 0x2
  74 003b 02       		.byte	0x2
  75 003c 07       		.byte	0x7
  76 003d CD000000 		.4byte	.LASF3
  77 0041 02       		.uleb128 0x2
  78 0042 04       		.byte	0x4
  79 0043 05       		.byte	0x5
  80 0044 B3000000 		.4byte	.LASF4
  81 0048 02       		.uleb128 0x2
ARM GAS  C:\Users\khjtony\AppData\Local\Temp\ccwnDwHg.s 			page 12


  82 0049 04       		.byte	0x4
  83 004a 07       		.byte	0x7
  84 004b 40000000 		.4byte	.LASF5
  85 004f 02       		.uleb128 0x2
  86 0050 08       		.byte	0x8
  87 0051 05       		.byte	0x5
  88 0052 00000000 		.4byte	.LASF6
  89 0056 02       		.uleb128 0x2
  90 0057 08       		.byte	0x8
  91 0058 07       		.byte	0x7
  92 0059 52000000 		.4byte	.LASF7
  93 005d 03       		.uleb128 0x3
  94 005e 04       		.byte	0x4
  95 005f 05       		.byte	0x5
  96 0060 696E7400 		.ascii	"int\000"
  97 0064 02       		.uleb128 0x2
  98 0065 04       		.byte	0x4
  99 0066 07       		.byte	0x7
 100 0067 33000000 		.4byte	.LASF8
 101 006b 02       		.uleb128 0x2
 102 006c 04       		.byte	0x4
 103 006d 04       		.byte	0x4
 104 006e EC000000 		.4byte	.LASF9
 105 0072 02       		.uleb128 0x2
 106 0073 08       		.byte	0x8
 107 0074 04       		.byte	0x4
 108 0075 BC000000 		.4byte	.LASF10
 109 0079 02       		.uleb128 0x2
 110 007a 01       		.byte	0x1
 111 007b 08       		.byte	0x8
 112 007c AE000000 		.4byte	.LASF11
 113 0080 02       		.uleb128 0x2
 114 0081 04       		.byte	0x4
 115 0082 07       		.byte	0x7
 116 0083 78010000 		.4byte	.LASF12
 117 0087 04       		.uleb128 0x4
 118 0088 C3000000 		.4byte	.LASF16
 119 008c 01       		.byte	0x1
 120 008d AF01     		.2byte	0x1af
 121 008f 00000000 		.4byte	.LFB0
 122 0093 0C000000 		.4byte	.LFE0-.LFB0
 123 0097 01       		.uleb128 0x1
 124 0098 9C       		.byte	0x9c
 125 0099 00       		.byte	0
 126              		.section	.debug_abbrev,"",%progbits
 127              	.Ldebug_abbrev0:
 128 0000 01       		.uleb128 0x1
 129 0001 11       		.uleb128 0x11
 130 0002 01       		.byte	0x1
 131 0003 25       		.uleb128 0x25
 132 0004 0E       		.uleb128 0xe
 133 0005 13       		.uleb128 0x13
 134 0006 0B       		.uleb128 0xb
 135 0007 03       		.uleb128 0x3
 136 0008 0E       		.uleb128 0xe
 137 0009 1B       		.uleb128 0x1b
 138 000a 0E       		.uleb128 0xe
ARM GAS  C:\Users\khjtony\AppData\Local\Temp\ccwnDwHg.s 			page 13


 139 000b 55       		.uleb128 0x55
 140 000c 17       		.uleb128 0x17
 141 000d 11       		.uleb128 0x11
 142 000e 01       		.uleb128 0x1
 143 000f 10       		.uleb128 0x10
 144 0010 17       		.uleb128 0x17
 145 0011 00       		.byte	0
 146 0012 00       		.byte	0
 147 0013 02       		.uleb128 0x2
 148 0014 24       		.uleb128 0x24
 149 0015 00       		.byte	0
 150 0016 0B       		.uleb128 0xb
 151 0017 0B       		.uleb128 0xb
 152 0018 3E       		.uleb128 0x3e
 153 0019 0B       		.uleb128 0xb
 154 001a 03       		.uleb128 0x3
 155 001b 0E       		.uleb128 0xe
 156 001c 00       		.byte	0
 157 001d 00       		.byte	0
 158 001e 03       		.uleb128 0x3
 159 001f 24       		.uleb128 0x24
 160 0020 00       		.byte	0
 161 0021 0B       		.uleb128 0xb
 162 0022 0B       		.uleb128 0xb
 163 0023 3E       		.uleb128 0x3e
 164 0024 0B       		.uleb128 0xb
 165 0025 03       		.uleb128 0x3
 166 0026 08       		.uleb128 0x8
 167 0027 00       		.byte	0
 168 0028 00       		.byte	0
 169 0029 04       		.uleb128 0x4
 170 002a 2E       		.uleb128 0x2e
 171 002b 00       		.byte	0
 172 002c 3F       		.uleb128 0x3f
 173 002d 19       		.uleb128 0x19
 174 002e 03       		.uleb128 0x3
 175 002f 0E       		.uleb128 0xe
 176 0030 3A       		.uleb128 0x3a
 177 0031 0B       		.uleb128 0xb
 178 0032 3B       		.uleb128 0x3b
 179 0033 05       		.uleb128 0x5
 180 0034 27       		.uleb128 0x27
 181 0035 19       		.uleb128 0x19
 182 0036 11       		.uleb128 0x11
 183 0037 01       		.uleb128 0x1
 184 0038 12       		.uleb128 0x12
 185 0039 06       		.uleb128 0x6
 186 003a 40       		.uleb128 0x40
 187 003b 18       		.uleb128 0x18
 188 003c 9742     		.uleb128 0x2117
 189 003e 19       		.uleb128 0x19
 190 003f 00       		.byte	0
 191 0040 00       		.byte	0
 192 0041 00       		.byte	0
 193              		.section	.debug_aranges,"",%progbits
 194 0000 1C000000 		.4byte	0x1c
 195 0004 0200     		.2byte	0x2
ARM GAS  C:\Users\khjtony\AppData\Local\Temp\ccwnDwHg.s 			page 14


 196 0006 00000000 		.4byte	.Ldebug_info0
 197 000a 04       		.byte	0x4
 198 000b 00       		.byte	0
 199 000c 0000     		.2byte	0
 200 000e 0000     		.2byte	0
 201 0010 00000000 		.4byte	.LFB0
 202 0014 0C000000 		.4byte	.LFE0-.LFB0
 203 0018 00000000 		.4byte	0
 204 001c 00000000 		.4byte	0
 205              		.section	.debug_ranges,"",%progbits
 206              	.Ldebug_ranges0:
 207 0000 00000000 		.4byte	.LFB0
 208 0004 0C000000 		.4byte	.LFE0
 209 0008 00000000 		.4byte	0
 210 000c 00000000 		.4byte	0
 211              		.section	.debug_line,"",%progbits
 212              	.Ldebug_line0:
 213 0000 55000000 		.section	.debug_str,"MS",%progbits,1
 213      02003B00 
 213      00000201 
 213      FB0E0D00 
 213      01010101 
 214              	.LASF6:
 215 0000 6C6F6E67 		.ascii	"long long int\000"
 215      206C6F6E 
 215      6720696E 
 215      7400
 216              	.LASF14:
 217 000e 2E5C4765 		.ascii	".\\Generated_Source\\PSoC5\\CAN_1_INT.c\000"
 217      6E657261 
 217      7465645F 
 217      536F7572 
 217      63655C50 
 218              	.LASF8:
 219 0033 756E7369 		.ascii	"unsigned int\000"
 219      676E6564 
 219      20696E74 
 219      00
 220              	.LASF5:
 221 0040 6C6F6E67 		.ascii	"long unsigned int\000"
 221      20756E73 
 221      69676E65 
 221      6420696E 
 221      7400
 222              	.LASF7:
 223 0052 6C6F6E67 		.ascii	"long long unsigned int\000"
 223      206C6F6E 
 223      6720756E 
 223      7369676E 
 223      65642069 
 224              	.LASF15:
 225 0069 443A5C77 		.ascii	"D:\\workspace\\Node-Wolrus\\Node-Wolrus\\Node-Wolru"
 225      6F726B73 
 225      70616365 
 225      5C4E6F64 
 225      652D576F 
 226 0098 732E6379 		.ascii	"s.cydsn\000"
ARM GAS  C:\Users\khjtony\AppData\Local\Temp\ccwnDwHg.s 			page 15


 226      64736E00 
 227              	.LASF1:
 228 00a0 756E7369 		.ascii	"unsigned char\000"
 228      676E6564 
 228      20636861 
 228      7200
 229              	.LASF11:
 230 00ae 63686172 		.ascii	"char\000"
 230      00
 231              	.LASF4:
 232 00b3 6C6F6E67 		.ascii	"long int\000"
 232      20696E74 
 232      00
 233              	.LASF10:
 234 00bc 646F7562 		.ascii	"double\000"
 234      6C6500
 235              	.LASF16:
 236 00c3 43414E5F 		.ascii	"CAN_1_ISR\000"
 236      315F4953 
 236      5200
 237              	.LASF3:
 238 00cd 73686F72 		.ascii	"short unsigned int\000"
 238      7420756E 
 238      7369676E 
 238      65642069 
 238      6E7400
 239              	.LASF0:
 240 00e0 7369676E 		.ascii	"signed char\000"
 240      65642063 
 240      68617200 
 241              	.LASF9:
 242 00ec 666C6F61 		.ascii	"float\000"
 242      7400
 243              	.LASF2:
 244 00f2 73686F72 		.ascii	"short int\000"
 244      7420696E 
 244      7400
 245              	.LASF13:
 246 00fc 474E5520 		.ascii	"GNU C 4.8.4 20140526 (release) [ARM/embedded-4_8-br"
 246      4320342E 
 246      382E3420 
 246      32303134 
 246      30353236 
 247 012f 616E6368 		.ascii	"anch revision 211358] -mcpu=cortex-m3 -mthumb -g -O"
 247      20726576 
 247      6973696F 
 247      6E203231 
 247      31333538 
 248 0162 30202D66 		.ascii	"0 -ffunction-sections\000"
 248      66756E63 
 248      74696F6E 
 248      2D736563 
 248      74696F6E 
 249              	.LASF12:
 250 0178 73697A65 		.ascii	"sizetype\000"
 250      74797065 
 250      00
ARM GAS  C:\Users\khjtony\AppData\Local\Temp\ccwnDwHg.s 			page 16


 251              		.ident	"GCC: (GNU Tools for ARM Embedded Processors) 4.8.4 20140526 (release) [ARM/embedded-4_8-br
