Archive member included because of file (symbol)

.\CortexM3\ARM_GCC_484\Debug\Node-Wolrus.a(cyfitter_cfg.o)
                              .\CortexM3\ARM_GCC_484\Debug\Cm3Start.o (cyfitter_cfg)
.\CortexM3\ARM_GCC_484\Debug\Node-Wolrus.a(CAN_1.o)
                              .\CortexM3\ARM_GCC_484\Debug\can_manager.o (CAN_1_Init)
.\CortexM3\ARM_GCC_484\Debug\Node-Wolrus.a(CAN_1_INT.o)
                              .\CortexM3\ARM_GCC_484\Debug\Node-Wolrus.a(CAN_1.o) (CAN_1_ISR)
.\CortexM3\ARM_GCC_484\Debug\Node-Wolrus.a(CAN_1_TX_RX_func.o)
                              .\CortexM3\ARM_GCC_484\Debug\can_manager.o (CAN_1_SendMsg)
.\CortexM3\ARM_GCC_484\Debug\Node-Wolrus.a(CyBootAsmGnu.o)
                              .\CortexM3\ARM_GCC_484\Debug\Node-Wolrus.a(cyfitter_cfg.o) (CyDelayCycles)
.\CortexM3\ARM_GCC_484\Debug\Node-Wolrus.a(CyLib.o)
                              .\CortexM3\ARM_GCC_484\Debug\Cm3Start.o (CyResetStatus)
.\CortexM3\ARM_GCC_484\Debug\Node-Wolrus.a(cyPm.o)
                              .\CortexM3\ARM_GCC_484\Debug\Node-Wolrus.a(CyLib.o) (CyPmReadStatus)
.\CortexM3\ARM_GCC_484\Debug\Node-Wolrus.a(CyFlash.o)
                              .\CortexM3\ARM_GCC_484\Debug\Node-Wolrus.a(cyPm.o) (CyFlash_SetWaitCycles)
.\CortexM3\ARM_GCC_484\Debug\Node-Wolrus.a(CySpc.o)
                              .\CortexM3\ARM_GCC_484\Debug\Node-Wolrus.a(CyFlash.o) (CySpcStart)
d:/software/psoc/psoc creator/3.1/psoc creator/import/gnu_cs/arm/4.8.4/bin/../lib/gcc/arm-none-eabi/4.8.4/armv7-m\libgcc.a(_arm_addsubdf3.o)
                              .\CortexM3\ARM_GCC_484\Debug\main.o (__aeabi_dadd)
d:/software/psoc/psoc creator/3.1/psoc creator/import/gnu_cs/arm/4.8.4/bin/../lib/gcc/arm-none-eabi/4.8.4/armv7-m\libgcc.a(_arm_muldivdf3.o)
                              .\CortexM3\ARM_GCC_484\Debug\main.o (__aeabi_dmul)
d:/software/psoc/psoc creator/3.1/psoc creator/import/gnu_cs/arm/4.8.4/bin/../lib/gcc/arm-none-eabi/4.8.4/armv7-m\libgcc.a(_arm_fixunsdfsi.o)
                              .\CortexM3\ARM_GCC_484\Debug\main.o (__aeabi_d2uiz)
d:/software/psoc/psoc creator/3.1/psoc creator/import/gnu_cs/arm/4.8.4/bin/../lib/gcc/arm-none-eabi/4.8.4/../../../../arm-none-eabi/lib/armv7-m\libg_s.a(lib_a-errno.o)
                              .\CortexM3\ARM_GCC_484\Debug\Cm3Start.o (__errno)
d:/software/psoc/psoc creator/3.1/psoc creator/import/gnu_cs/arm/4.8.4/bin/../lib/gcc/arm-none-eabi/4.8.4/../../../../arm-none-eabi/lib/armv7-m\libg_s.a(lib_a-exit.o)
                              d:/software/psoc/psoc creator/3.1/psoc creator/import/gnu_cs/arm/4.8.4/bin/../lib/gcc/arm-none-eabi/4.8.4/../../../../arm-none-eabi/lib/armv7-m/crt0.o (exit)
d:/software/psoc/psoc creator/3.1/psoc creator/import/gnu_cs/arm/4.8.4/bin/../lib/gcc/arm-none-eabi/4.8.4/../../../../arm-none-eabi/lib/armv7-m\libg_s.a(lib_a-impure.o)
                              d:/software/psoc/psoc creator/3.1/psoc creator/import/gnu_cs/arm/4.8.4/bin/../lib/gcc/arm-none-eabi/4.8.4/../../../../arm-none-eabi/lib/armv7-m\libg_s.a(lib_a-exit.o) (_global_impure_ptr)
d:/software/psoc/psoc creator/3.1/psoc creator/import/gnu_cs/arm/4.8.4/bin/../lib/gcc/arm-none-eabi/4.8.4/../../../../arm-none-eabi/lib/armv7-m\libg_s.a(lib_a-init.o)
                              d:/software/psoc/psoc creator/3.1/psoc creator/import/gnu_cs/arm/4.8.4/bin/../lib/gcc/arm-none-eabi/4.8.4/../../../../arm-none-eabi/lib/armv7-m/crt0.o (__libc_init_array)
d:/software/psoc/psoc creator/3.1/psoc creator/import/gnu_cs/arm/4.8.4/bin/../lib/gcc/arm-none-eabi/4.8.4/../../../../arm-none-eabi/lib/armv7-m\libg_s.a(lib_a-memcpy-stub.o)
                              .\CortexM3\ARM_GCC_484\Debug\Node-Wolrus.a(cyfitter_cfg.o) (memcpy)
d:/software/psoc/psoc creator/3.1/psoc creator/import/gnu_cs/arm/4.8.4/bin/../lib/gcc/arm-none-eabi/4.8.4/../../../../arm-none-eabi/lib/armv7-m\libg_s.a(lib_a-memset.o)
                              d:/software/psoc/psoc creator/3.1/psoc creator/import/gnu_cs/arm/4.8.4/bin/../lib/gcc/arm-none-eabi/4.8.4/../../../../arm-none-eabi/lib/armv7-m/crt0.o (memset)

Allocating common symbols
Common symbol       size              file

can_queue           0x800             .\CortexM3\ARM_GCC_484\Debug\can_manager.o
dieTemperature      0x2               .\CortexM3\ARM_GCC_484\Debug\Node-Wolrus.a(CyFlash.o)

Discarded input sections

 .text          0x00000000        0x0 d:/software/psoc/psoc creator/3.1/psoc creator/import/gnu_cs/arm/4.8.4/bin/../lib/gcc/arm-none-eabi/4.8.4/armv7-m/crti.o
 .data          0x00000000        0x0 d:/software/psoc/psoc creator/3.1/psoc creator/import/gnu_cs/arm/4.8.4/bin/../lib/gcc/arm-none-eabi/4.8.4/armv7-m/crti.o
 .bss           0x00000000        0x0 d:/software/psoc/psoc creator/3.1/psoc creator/import/gnu_cs/arm/4.8.4/bin/../lib/gcc/arm-none-eabi/4.8.4/armv7-m/crti.o
 .data          0x00000000        0x4 d:/software/psoc/psoc creator/3.1/psoc creator/import/gnu_cs/arm/4.8.4/bin/../lib/gcc/arm-none-eabi/4.8.4/armv7-m/crtbegin.o
 .text          0x00000000       0x74 d:/software/psoc/psoc creator/3.1/psoc creator/import/gnu_cs/arm/4.8.4/bin/../lib/gcc/arm-none-eabi/4.8.4/../../../../arm-none-eabi/lib/armv7-m/crt0.o
 .data          0x00000000        0x0 d:/software/psoc/psoc creator/3.1/psoc creator/import/gnu_cs/arm/4.8.4/bin/../lib/gcc/arm-none-eabi/4.8.4/../../../../arm-none-eabi/lib/armv7-m/crt0.o
 .bss           0x00000000        0x0 d:/software/psoc/psoc creator/3.1/psoc creator/import/gnu_cs/arm/4.8.4/bin/../lib/gcc/arm-none-eabi/4.8.4/../../../../arm-none-eabi/lib/armv7-m/crt0.o
 .ARM.extab     0x00000000        0x0 d:/software/psoc/psoc creator/3.1/psoc creator/import/gnu_cs/arm/4.8.4/bin/../lib/gcc/arm-none-eabi/4.8.4/../../../../arm-none-eabi/lib/armv7-m/crt0.o
 .ARM.exidx     0x00000000        0x8 d:/software/psoc/psoc creator/3.1/psoc creator/import/gnu_cs/arm/4.8.4/bin/../lib/gcc/arm-none-eabi/4.8.4/../../../../arm-none-eabi/lib/armv7-m/crt0.o
 .text          0x00000000        0x0 .\CortexM3\ARM_GCC_484\Debug\main.o
 .data          0x00000000        0x0 .\CortexM3\ARM_GCC_484\Debug\main.o
 .bss           0x00000000        0x0 .\CortexM3\ARM_GCC_484\Debug\main.o
 .text          0x00000000        0x0 .\CortexM3\ARM_GCC_484\Debug\can_manager.o
 .data          0x00000000        0x0 .\CortexM3\ARM_GCC_484\Debug\can_manager.o
 .bss           0x00000000        0x4 .\CortexM3\ARM_GCC_484\Debug\can_manager.o
 .rodata        0x00000000        0x8 .\CortexM3\ARM_GCC_484\Debug\can_manager.o
 COMMON         0x00000000      0x800 .\CortexM3\ARM_GCC_484\Debug\can_manager.o
 .text          0x00000000        0x0 .\CortexM3\ARM_GCC_484\Debug\cymetadata.o
 .data          0x00000000        0x0 .\CortexM3\ARM_GCC_484\Debug\cymetadata.o
 .bss           0x00000000        0x0 .\CortexM3\ARM_GCC_484\Debug\cymetadata.o
 .text          0x00000000        0x0 .\CortexM3\ARM_GCC_484\Debug\Cm3Start.o
 .data          0x00000000        0x4 .\CortexM3\ARM_GCC_484\Debug\Cm3Start.o
 .bss           0x00000000        0x0 .\CortexM3\ARM_GCC_484\Debug\Cm3Start.o
 .text._exit    0x00000000       0x28 .\CortexM3\ARM_GCC_484\Debug\Cm3Start.o
 .text._sbrk    0x00000000       0x50 .\CortexM3\ARM_GCC_484\Debug\Cm3Start.o
 .text          0x00000000        0x0 .\CortexM3\ARM_GCC_484\Debug\Node-Wolrus.a(cyfitter_cfg.o)
 .data          0x00000000        0x0 .\CortexM3\ARM_GCC_484\Debug\Node-Wolrus.a(cyfitter_cfg.o)
 .bss           0x00000000        0x0 .\CortexM3\ARM_GCC_484\Debug\Node-Wolrus.a(cyfitter_cfg.o)
 .text.CYCONFIGCPYCODE
                0x00000000       0x1c .\CortexM3\ARM_GCC_484\Debug\Node-Wolrus.a(cyfitter_cfg.o)
 .text.SetAnalogRoutingPumps
                0x00000000       0x28 .\CortexM3\ARM_GCC_484\Debug\Node-Wolrus.a(cyfitter_cfg.o)
 .text          0x00000000        0x0 .\CortexM3\ARM_GCC_484\Debug\Node-Wolrus.a(CAN_1.o)
 .data          0x00000000        0x0 .\CortexM3\ARM_GCC_484\Debug\Node-Wolrus.a(CAN_1.o)
 .text.CAN_1_Stop
                0x00000000       0x78 .\CortexM3\ARM_GCC_484\Debug\Node-Wolrus.a(CAN_1.o)
 .text.CAN_1_GlobalIntDisable
                0x00000000       0x40 .\CortexM3\ARM_GCC_484\Debug\Node-Wolrus.a(CAN_1.o)
 .text.CAN_1_RXRegisterInit
                0x00000000       0xa4 .\CortexM3\ARM_GCC_484\Debug\Node-Wolrus.a(CAN_1.o)
 .text.CAN_1_GetTXErrorFlag
                0x00000000       0x28 .\CortexM3\ARM_GCC_484\Debug\Node-Wolrus.a(CAN_1.o)
 .text.CAN_1_GetRXErrorFlag
                0x00000000       0x28 .\CortexM3\ARM_GCC_484\Debug\Node-Wolrus.a(CAN_1.o)
 .text.CAN_1_GetTXErrorCount
                0x00000000       0x18 .\CortexM3\ARM_GCC_484\Debug\Node-Wolrus.a(CAN_1.o)
 .text.CAN_1_GetRXErrorCount
                0x00000000       0x18 .\CortexM3\ARM_GCC_484\Debug\Node-Wolrus.a(CAN_1.o)
 .text.CAN_1_GetErrorState
                0x00000000       0x20 .\CortexM3\ARM_GCC_484\Debug\Node-Wolrus.a(CAN_1.o)
 .text          0x00000000        0x0 .\CortexM3\ARM_GCC_484\Debug\Node-Wolrus.a(CAN_1_INT.o)
 .data          0x00000000        0x0 .\CortexM3\ARM_GCC_484\Debug\Node-Wolrus.a(CAN_1_INT.o)
 .bss           0x00000000        0x0 .\CortexM3\ARM_GCC_484\Debug\Node-Wolrus.a(CAN_1_INT.o)
 .text          0x00000000        0x0 .\CortexM3\ARM_GCC_484\Debug\Node-Wolrus.a(CAN_1_TX_RX_func.o)
 .data          0x00000000        0x0 .\CortexM3\ARM_GCC_484\Debug\Node-Wolrus.a(CAN_1_TX_RX_func.o)
 .bss           0x00000000        0x0 .\CortexM3\ARM_GCC_484\Debug\Node-Wolrus.a(CAN_1_TX_RX_func.o)
 .text.CAN_1_TxCancel
                0x00000000       0x3c .\CortexM3\ARM_GCC_484\Debug\Node-Wolrus.a(CAN_1_TX_RX_func.o)
 .text.CAN_1_ReceiveMsg
                0x00000000       0x48 .\CortexM3\ARM_GCC_484\Debug\Node-Wolrus.a(CAN_1_TX_RX_func.o)
 .data          0x00000000        0x0 .\CortexM3\ARM_GCC_484\Debug\Node-Wolrus.a(CyBootAsmGnu.o)
 .bss           0x00000000        0x0 .\CortexM3\ARM_GCC_484\Debug\Node-Wolrus.a(CyBootAsmGnu.o)
 .text          0x00000000        0x0 .\CortexM3\ARM_GCC_484\Debug\Node-Wolrus.a(CyLib.o)
 .bss           0x00000000       0x18 .\CortexM3\ARM_GCC_484\Debug\Node-Wolrus.a(CyLib.o)
 .text.CyPLL_OUT_Start
                0x00000000       0xb0 .\CortexM3\ARM_GCC_484\Debug\Node-Wolrus.a(CyLib.o)
 .text.CyPLL_OUT_Stop
                0x00000000       0x20 .\CortexM3\ARM_GCC_484\Debug\Node-Wolrus.a(CyLib.o)
 .text.CyPLL_OUT_SetPQ
                0x00000000       0x90 .\CortexM3\ARM_GCC_484\Debug\Node-Wolrus.a(CyLib.o)
 .text.CyPLL_OUT_SetSource
                0x00000000       0x54 .\CortexM3\ARM_GCC_484\Debug\Node-Wolrus.a(CyLib.o)
 .text.CyIMO_Start
                0x00000000       0x94 .\CortexM3\ARM_GCC_484\Debug\Node-Wolrus.a(CyLib.o)
 .text.CyIMO_Stop
                0x00000000       0x34 .\CortexM3\ARM_GCC_484\Debug\Node-Wolrus.a(CyLib.o)
 .text.CyUSB_PowerOnCheck
                0x00000000       0x60 .\CortexM3\ARM_GCC_484\Debug\Node-Wolrus.a(CyLib.o)
 .text.CyIMO_SetTrimValue
                0x00000000      0x108 .\CortexM3\ARM_GCC_484\Debug\Node-Wolrus.a(CyLib.o)
 .text.CyIMO_SetFreq
                0x00000000      0x1ac .\CortexM3\ARM_GCC_484\Debug\Node-Wolrus.a(CyLib.o)
 .text.CyIMO_SetSource
                0x00000000       0x8c .\CortexM3\ARM_GCC_484\Debug\Node-Wolrus.a(CyLib.o)
 .text.CyIMO_EnableDoubler
                0x00000000       0x20 .\CortexM3\ARM_GCC_484\Debug\Node-Wolrus.a(CyLib.o)
 .text.CyIMO_DisableDoubler
                0x00000000       0x20 .\CortexM3\ARM_GCC_484\Debug\Node-Wolrus.a(CyLib.o)
 .text.CyMasterClk_SetSource
                0x00000000       0x34 .\CortexM3\ARM_GCC_484\Debug\Node-Wolrus.a(CyLib.o)
 .text.CyMasterClk_SetDivider
                0x00000000       0x20 .\CortexM3\ARM_GCC_484\Debug\Node-Wolrus.a(CyLib.o)
 .text.CyBusClk_Internal_SetDivider
                0x00000000       0x78 .\CortexM3\ARM_GCC_484\Debug\Node-Wolrus.a(CyLib.o)
 .text.CyBusClk_SetDivider
                0x00000000       0xb0 .\CortexM3\ARM_GCC_484\Debug\Node-Wolrus.a(CyLib.o)
 .text.CyUsbClk_SetSource
                0x00000000       0x34 .\CortexM3\ARM_GCC_484\Debug\Node-Wolrus.a(CyLib.o)
 .text.CyILO_Start1K
                0x00000000       0x20 .\CortexM3\ARM_GCC_484\Debug\Node-Wolrus.a(CyLib.o)
 .text.CyILO_Stop1K
                0x00000000       0x20 .\CortexM3\ARM_GCC_484\Debug\Node-Wolrus.a(CyLib.o)
 .text.CyILO_Start100K
                0x00000000       0x20 .\CortexM3\ARM_GCC_484\Debug\Node-Wolrus.a(CyLib.o)
 .text.CyILO_Stop100K
                0x00000000       0x20 .\CortexM3\ARM_GCC_484\Debug\Node-Wolrus.a(CyLib.o)
 .text.CyILO_Enable33K
                0x00000000       0x20 .\CortexM3\ARM_GCC_484\Debug\Node-Wolrus.a(CyLib.o)
 .text.CyILO_Disable33K
                0x00000000       0x20 .\CortexM3\ARM_GCC_484\Debug\Node-Wolrus.a(CyLib.o)
 .text.CyILO_SetSource
                0x00000000       0x38 .\CortexM3\ARM_GCC_484\Debug\Node-Wolrus.a(CyLib.o)
 .text.CyILO_SetPowerMode
                0x00000000       0x4c .\CortexM3\ARM_GCC_484\Debug\Node-Wolrus.a(CyLib.o)
 .text.CyXTAL_32KHZ_Start
                0x00000000       0x84 .\CortexM3\ARM_GCC_484\Debug\Node-Wolrus.a(CyLib.o)
 .text.CyXTAL_32KHZ_Stop
                0x00000000       0x50 .\CortexM3\ARM_GCC_484\Debug\Node-Wolrus.a(CyLib.o)
 .text.CyXTAL_32KHZ_ReadStatus
                0x00000000       0x20 .\CortexM3\ARM_GCC_484\Debug\Node-Wolrus.a(CyLib.o)
 .text.CyXTAL_32KHZ_SetPowerMode
                0x00000000       0xb4 .\CortexM3\ARM_GCC_484\Debug\Node-Wolrus.a(CyLib.o)
 .text.CyXTAL_Start
                0x00000000       0xd0 .\CortexM3\ARM_GCC_484\Debug\Node-Wolrus.a(CyLib.o)
 .text.CyXTAL_Stop
                0x00000000       0x20 .\CortexM3\ARM_GCC_484\Debug\Node-Wolrus.a(CyLib.o)
 .text.CyXTAL_EnableErrStatus
                0x00000000       0x20 .\CortexM3\ARM_GCC_484\Debug\Node-Wolrus.a(CyLib.o)
 .text.CyXTAL_DisableErrStatus
                0x00000000       0x20 .\CortexM3\ARM_GCC_484\Debug\Node-Wolrus.a(CyLib.o)
 .text.CyXTAL_ReadStatus
                0x00000000       0x28 .\CortexM3\ARM_GCC_484\Debug\Node-Wolrus.a(CyLib.o)
 .text.CyXTAL_EnableFaultRecovery
                0x00000000       0x20 .\CortexM3\ARM_GCC_484\Debug\Node-Wolrus.a(CyLib.o)
 .text.CyXTAL_DisableFaultRecovery
                0x00000000       0x20 .\CortexM3\ARM_GCC_484\Debug\Node-Wolrus.a(CyLib.o)
 .text.CyXTAL_SetStartup
                0x00000000       0x34 .\CortexM3\ARM_GCC_484\Debug\Node-Wolrus.a(CyLib.o)
 .text.CyXTAL_SetFbVoltage
                0x00000000       0x34 .\CortexM3\ARM_GCC_484\Debug\Node-Wolrus.a(CyLib.o)
 .text.CyXTAL_SetWdVoltage
                0x00000000       0x38 .\CortexM3\ARM_GCC_484\Debug\Node-Wolrus.a(CyLib.o)
 .text.CySoftwareReset
                0x00000000       0x20 .\CortexM3\ARM_GCC_484\Debug\Node-Wolrus.a(CyLib.o)
 .text.CyDelayUs
                0x00000000       0x24 .\CortexM3\ARM_GCC_484\Debug\Node-Wolrus.a(CyLib.o)
 .text.CyDelayFreq
                0x00000000       0x7c .\CortexM3\ARM_GCC_484\Debug\Node-Wolrus.a(CyLib.o)
 .text.CyWdtStart
                0x00000000       0x88 .\CortexM3\ARM_GCC_484\Debug\Node-Wolrus.a(CyLib.o)
 .text.CyWdtClear
                0x00000000       0x18 .\CortexM3\ARM_GCC_484\Debug\Node-Wolrus.a(CyLib.o)
 .text.CyVdLvDigitEnable
                0x00000000       0xb0 .\CortexM3\ARM_GCC_484\Debug\Node-Wolrus.a(CyLib.o)
 .text.CyVdLvAnalogEnable
                0x00000000       0xb0 .\CortexM3\ARM_GCC_484\Debug\Node-Wolrus.a(CyLib.o)
 .text.CyVdLvDigitDisable
                0x00000000       0x48 .\CortexM3\ARM_GCC_484\Debug\Node-Wolrus.a(CyLib.o)
 .text.CyVdLvAnalogDisable
                0x00000000       0x48 .\CortexM3\ARM_GCC_484\Debug\Node-Wolrus.a(CyLib.o)
 .text.CyVdHvAnalogEnable
                0x00000000       0x5c .\CortexM3\ARM_GCC_484\Debug\Node-Wolrus.a(CyLib.o)
 .text.CyVdHvAnalogDisable
                0x00000000       0x20 .\CortexM3\ARM_GCC_484\Debug\Node-Wolrus.a(CyLib.o)
 .text.CyVdStickyStatus
                0x00000000       0x38 .\CortexM3\ARM_GCC_484\Debug\Node-Wolrus.a(CyLib.o)
 .text.CyVdRealTimeStatus
                0x00000000       0x2c .\CortexM3\ARM_GCC_484\Debug\Node-Wolrus.a(CyLib.o)
 .text.CyDisableInts
                0x00000000       0x34 .\CortexM3\ARM_GCC_484\Debug\Node-Wolrus.a(CyLib.o)
 .text.CyEnableInts
                0x00000000       0x28 .\CortexM3\ARM_GCC_484\Debug\Node-Wolrus.a(CyLib.o)
 .text.CyFlushCache
                0x00000000       0x58 .\CortexM3\ARM_GCC_484\Debug\Node-Wolrus.a(CyLib.o)
 .text.CyIntSetSysVector
                0x00000000       0x4c .\CortexM3\ARM_GCC_484\Debug\Node-Wolrus.a(CyLib.o)
 .text.CyIntGetSysVector
                0x00000000       0x38 .\CortexM3\ARM_GCC_484\Debug\Node-Wolrus.a(CyLib.o)
 .text.CyIntGetVector
                0x00000000       0x38 .\CortexM3\ARM_GCC_484\Debug\Node-Wolrus.a(CyLib.o)
 .text.CyIntGetPriority
                0x00000000       0x38 .\CortexM3\ARM_GCC_484\Debug\Node-Wolrus.a(CyLib.o)
 .text.CyIntGetState
                0x00000000       0x44 .\CortexM3\ARM_GCC_484\Debug\Node-Wolrus.a(CyLib.o)
 .text.CySysTickStart
                0x00000000       0x20 .\CortexM3\ARM_GCC_484\Debug\Node-Wolrus.a(CyLib.o)
 .text.CySysTickInit
                0x00000000       0x68 .\CortexM3\ARM_GCC_484\Debug\Node-Wolrus.a(CyLib.o)
 .text.CySysTickEnable
                0x00000000       0x1c .\CortexM3\ARM_GCC_484\Debug\Node-Wolrus.a(CyLib.o)
 .text.CySysTickStop
                0x00000000       0x1c .\CortexM3\ARM_GCC_484\Debug\Node-Wolrus.a(CyLib.o)
 .text.CySysTickEnableInterrupt
                0x00000000       0x1c .\CortexM3\ARM_GCC_484\Debug\Node-Wolrus.a(CyLib.o)
 .text.CySysTickDisableInterrupt
                0x00000000       0x1c .\CortexM3\ARM_GCC_484\Debug\Node-Wolrus.a(CyLib.o)
 .text.CySysTickSetReload
                0x00000000       0x20 .\CortexM3\ARM_GCC_484\Debug\Node-Wolrus.a(CyLib.o)
 .text.CySysTickGetReload
                0x00000000       0x1c .\CortexM3\ARM_GCC_484\Debug\Node-Wolrus.a(CyLib.o)
 .text.CySysTickGetValue
                0x00000000       0x20 .\CortexM3\ARM_GCC_484\Debug\Node-Wolrus.a(CyLib.o)
 .text.CySysTickSetClockSource
                0x00000000       0x38 .\CortexM3\ARM_GCC_484\Debug\Node-Wolrus.a(CyLib.o)
 .text.CySysTickGetCountFlag
                0x00000000       0x1c .\CortexM3\ARM_GCC_484\Debug\Node-Wolrus.a(CyLib.o)
 .text.CySysTickClear
                0x00000000       0x18 .\CortexM3\ARM_GCC_484\Debug\Node-Wolrus.a(CyLib.o)
 .text.CySysTickSetCallback
                0x00000000       0x30 .\CortexM3\ARM_GCC_484\Debug\Node-Wolrus.a(CyLib.o)
 .text.CySysTickGetCallback
                0x00000000       0x20 .\CortexM3\ARM_GCC_484\Debug\Node-Wolrus.a(CyLib.o)
 .text.CySysTickServiceCallbacks
                0x00000000       0x44 .\CortexM3\ARM_GCC_484\Debug\Node-Wolrus.a(CyLib.o)
 .text          0x00000000        0x0 .\CortexM3\ARM_GCC_484\Debug\Node-Wolrus.a(cyPm.o)
 .data          0x00000000        0x0 .\CortexM3\ARM_GCC_484\Debug\Node-Wolrus.a(cyPm.o)
 .bss           0x00000000       0x44 .\CortexM3\ARM_GCC_484\Debug\Node-Wolrus.a(cyPm.o)
 .rodata        0x00000000       0x10 .\CortexM3\ARM_GCC_484\Debug\Node-Wolrus.a(cyPm.o)
 .text.CyPmSaveClocks
                0x00000000      0x280 .\CortexM3\ARM_GCC_484\Debug\Node-Wolrus.a(cyPm.o)
 .text.CyPmRestoreClocks
                0x00000000      0x300 .\CortexM3\ARM_GCC_484\Debug\Node-Wolrus.a(cyPm.o)
 .text.CyPmAltAct
                0x00000000       0xb8 .\CortexM3\ARM_GCC_484\Debug\Node-Wolrus.a(cyPm.o)
 .text.CyPmSleep
                0x00000000      0x16c .\CortexM3\ARM_GCC_484\Debug\Node-Wolrus.a(cyPm.o)
 .text.CyPmHibernate
                0x00000000      0x140 .\CortexM3\ARM_GCC_484\Debug\Node-Wolrus.a(cyPm.o)
 .text.CyPmReadStatus
                0x00000000       0x58 .\CortexM3\ARM_GCC_484\Debug\Node-Wolrus.a(cyPm.o)
 .text.CyPmHibSaveSet
                0x00000000       0xd4 .\CortexM3\ARM_GCC_484\Debug\Node-Wolrus.a(cyPm.o)
 .text.CyPmHibRestore
                0x00000000       0x68 .\CortexM3\ARM_GCC_484\Debug\Node-Wolrus.a(cyPm.o)
 .text.CyPmCtwSetInterval
                0x00000000       0x90 .\CortexM3\ARM_GCC_484\Debug\Node-Wolrus.a(cyPm.o)
 .text.CyPmOppsSet
                0x00000000       0x40 .\CortexM3\ARM_GCC_484\Debug\Node-Wolrus.a(cyPm.o)
 .text.CyPmFtwSetInterval
                0x00000000       0x90 .\CortexM3\ARM_GCC_484\Debug\Node-Wolrus.a(cyPm.o)
 .text.CyPmHibSlpSaveSet
                0x00000000      0x280 .\CortexM3\ARM_GCC_484\Debug\Node-Wolrus.a(cyPm.o)
 .text.CyPmHibSlpRestore
                0x00000000      0x188 .\CortexM3\ARM_GCC_484\Debug\Node-Wolrus.a(cyPm.o)
 .text.CyPmHviLviSaveDisable
                0x00000000       0xd4 .\CortexM3\ARM_GCC_484\Debug\Node-Wolrus.a(cyPm.o)
 .text.CyPmHviLviRestore
                0x00000000       0x54 .\CortexM3\ARM_GCC_484\Debug\Node-Wolrus.a(cyPm.o)
 .text          0x00000000        0x0 .\CortexM3\ARM_GCC_484\Debug\Node-Wolrus.a(CyFlash.o)
 .data          0x00000000        0x0 .\CortexM3\ARM_GCC_484\Debug\Node-Wolrus.a(CyFlash.o)
 .bss           0x00000000        0x4 .\CortexM3\ARM_GCC_484\Debug\Node-Wolrus.a(CyFlash.o)
 .text.CyFlash_Start
                0x00000000       0x8c .\CortexM3\ARM_GCC_484\Debug\Node-Wolrus.a(CyFlash.o)
 .text.CyFlash_Stop
                0x00000000       0x44 .\CortexM3\ARM_GCC_484\Debug\Node-Wolrus.a(CyFlash.o)
 .text.CySetTempInt
                0x00000000       0x7c .\CortexM3\ARM_GCC_484\Debug\Node-Wolrus.a(CyFlash.o)
 .text.CyFlashGetSpcAlgorithm
                0x00000000       0x70 .\CortexM3\ARM_GCC_484\Debug\Node-Wolrus.a(CyFlash.o)
 .text.CySetTemp
                0x00000000       0x24 .\CortexM3\ARM_GCC_484\Debug\Node-Wolrus.a(CyFlash.o)
 .text.CySetFlashEEBuffer
                0x00000000       0x54 .\CortexM3\ARM_GCC_484\Debug\Node-Wolrus.a(CyFlash.o)
 .text.CyWriteRowData
                0x00000000       0x3c .\CortexM3\ARM_GCC_484\Debug\Node-Wolrus.a(CyFlash.o)
 .text.CyWriteRowFull
                0x00000000      0x154 .\CortexM3\ARM_GCC_484\Debug\Node-Wolrus.a(CyFlash.o)
 .text.CyFlash_SetWaitCycles
                0x00000000       0xbc .\CortexM3\ARM_GCC_484\Debug\Node-Wolrus.a(CyFlash.o)
 .text.CyEEPROM_Start
                0x00000000       0x8c .\CortexM3\ARM_GCC_484\Debug\Node-Wolrus.a(CyFlash.o)
 .text.CyEEPROM_Stop
                0x00000000       0x44 .\CortexM3\ARM_GCC_484\Debug\Node-Wolrus.a(CyFlash.o)
 .text.CyEEPROM_ReadReserve
                0x00000000       0x30 .\CortexM3\ARM_GCC_484\Debug\Node-Wolrus.a(CyFlash.o)
 .text.CyEEPROM_ReadRelease
                0x00000000       0x20 .\CortexM3\ARM_GCC_484\Debug\Node-Wolrus.a(CyFlash.o)
 COMMON         0x00000000        0x2 .\CortexM3\ARM_GCC_484\Debug\Node-Wolrus.a(CyFlash.o)
 .text          0x00000000        0x0 .\CortexM3\ARM_GCC_484\Debug\Node-Wolrus.a(CySpc.o)
 .data          0x00000000        0x0 .\CortexM3\ARM_GCC_484\Debug\Node-Wolrus.a(CySpc.o)
 .bss           0x00000000        0x8 .\CortexM3\ARM_GCC_484\Debug\Node-Wolrus.a(CySpc.o)
 .text.CySpcStart
                0x00000000       0x44 .\CortexM3\ARM_GCC_484\Debug\Node-Wolrus.a(CySpc.o)
 .text.CySpcStop
                0x00000000       0x44 .\CortexM3\ARM_GCC_484\Debug\Node-Wolrus.a(CySpc.o)
 .text.CySpcReadData
                0x00000000       0x58 .\CortexM3\ARM_GCC_484\Debug\Node-Wolrus.a(CySpc.o)
 .text.CySpcLoadMultiByte
                0x00000000       0xd0 .\CortexM3\ARM_GCC_484\Debug\Node-Wolrus.a(CySpc.o)
 .text.CySpcLoadRow
                0x00000000       0x8c .\CortexM3\ARM_GCC_484\Debug\Node-Wolrus.a(CySpc.o)
 .text.CySpcLoadRowFull
                0x00000000       0xcc .\CortexM3\ARM_GCC_484\Debug\Node-Wolrus.a(CySpc.o)
 .text.CySpcWriteRow
                0x00000000       0x88 .\CortexM3\ARM_GCC_484\Debug\Node-Wolrus.a(CySpc.o)
 .text.CySpcEraseSector
                0x00000000       0x70 .\CortexM3\ARM_GCC_484\Debug\Node-Wolrus.a(CySpc.o)
 .text.CySpcGetTemp
                0x00000000       0x64 .\CortexM3\ARM_GCC_484\Debug\Node-Wolrus.a(CySpc.o)
 .text.CySpcLock
                0x00000000       0x68 .\CortexM3\ARM_GCC_484\Debug\Node-Wolrus.a(CySpc.o)
 .text.CySpcUnlock
                0x00000000       0x50 .\CortexM3\ARM_GCC_484\Debug\Node-Wolrus.a(CySpc.o)
 .text.CySpcGetAlgorithm
                0x00000000       0x48 .\CortexM3\ARM_GCC_484\Debug\Node-Wolrus.a(CySpc.o)
 .data          0x00000000        0x0 d:/software/psoc/psoc creator/3.1/psoc creator/import/gnu_cs/arm/4.8.4/bin/../lib/gcc/arm-none-eabi/4.8.4/armv7-m\libgcc.a(_arm_addsubdf3.o)
 .bss           0x00000000        0x0 d:/software/psoc/psoc creator/3.1/psoc creator/import/gnu_cs/arm/4.8.4/bin/../lib/gcc/arm-none-eabi/4.8.4/armv7-m\libgcc.a(_arm_addsubdf3.o)
 .data          0x00000000        0x0 d:/software/psoc/psoc creator/3.1/psoc creator/import/gnu_cs/arm/4.8.4/bin/../lib/gcc/arm-none-eabi/4.8.4/armv7-m\libgcc.a(_arm_muldivdf3.o)
 .bss           0x00000000        0x0 d:/software/psoc/psoc creator/3.1/psoc creator/import/gnu_cs/arm/4.8.4/bin/../lib/gcc/arm-none-eabi/4.8.4/armv7-m\libgcc.a(_arm_muldivdf3.o)
 .data          0x00000000        0x0 d:/software/psoc/psoc creator/3.1/psoc creator/import/gnu_cs/arm/4.8.4/bin/../lib/gcc/arm-none-eabi/4.8.4/armv7-m\libgcc.a(_arm_fixunsdfsi.o)
 .bss           0x00000000        0x0 d:/software/psoc/psoc creator/3.1/psoc creator/import/gnu_cs/arm/4.8.4/bin/../lib/gcc/arm-none-eabi/4.8.4/armv7-m\libgcc.a(_arm_fixunsdfsi.o)
 .text          0x00000000        0x0 d:/software/psoc/psoc creator/3.1/psoc creator/import/gnu_cs/arm/4.8.4/bin/../lib/gcc/arm-none-eabi/4.8.4/../../../../arm-none-eabi/lib/armv7-m\libg_s.a(lib_a-errno.o)
 .data          0x00000000        0x0 d:/software/psoc/psoc creator/3.1/psoc creator/import/gnu_cs/arm/4.8.4/bin/../lib/gcc/arm-none-eabi/4.8.4/../../../../arm-none-eabi/lib/armv7-m\libg_s.a(lib_a-errno.o)
 .bss           0x00000000        0x0 d:/software/psoc/psoc creator/3.1/psoc creator/import/gnu_cs/arm/4.8.4/bin/../lib/gcc/arm-none-eabi/4.8.4/../../../../arm-none-eabi/lib/armv7-m\libg_s.a(lib_a-errno.o)
 .text.__errno  0x00000000        0xc d:/software/psoc/psoc creator/3.1/psoc creator/import/gnu_cs/arm/4.8.4/bin/../lib/gcc/arm-none-eabi/4.8.4/../../../../arm-none-eabi/lib/armv7-m\libg_s.a(lib_a-errno.o)
 .text          0x00000000        0x0 d:/software/psoc/psoc creator/3.1/psoc creator/import/gnu_cs/arm/4.8.4/bin/../lib/gcc/arm-none-eabi/4.8.4/../../../../arm-none-eabi/lib/armv7-m\libg_s.a(lib_a-exit.o)
 .data          0x00000000        0x0 d:/software/psoc/psoc creator/3.1/psoc creator/import/gnu_cs/arm/4.8.4/bin/../lib/gcc/arm-none-eabi/4.8.4/../../../../arm-none-eabi/lib/armv7-m\libg_s.a(lib_a-exit.o)
 .bss           0x00000000        0x0 d:/software/psoc/psoc creator/3.1/psoc creator/import/gnu_cs/arm/4.8.4/bin/../lib/gcc/arm-none-eabi/4.8.4/../../../../arm-none-eabi/lib/armv7-m\libg_s.a(lib_a-exit.o)
 .text.exit     0x00000000       0x28 d:/software/psoc/psoc creator/3.1/psoc creator/import/gnu_cs/arm/4.8.4/bin/../lib/gcc/arm-none-eabi/4.8.4/../../../../arm-none-eabi/lib/armv7-m\libg_s.a(lib_a-exit.o)
 .text          0x00000000        0x0 d:/software/psoc/psoc creator/3.1/psoc creator/import/gnu_cs/arm/4.8.4/bin/../lib/gcc/arm-none-eabi/4.8.4/../../../../arm-none-eabi/lib/armv7-m\libg_s.a(lib_a-impure.o)
 .data          0x00000000        0x0 d:/software/psoc/psoc creator/3.1/psoc creator/import/gnu_cs/arm/4.8.4/bin/../lib/gcc/arm-none-eabi/4.8.4/../../../../arm-none-eabi/lib/armv7-m\libg_s.a(lib_a-impure.o)
 .bss           0x00000000        0x0 d:/software/psoc/psoc creator/3.1/psoc creator/import/gnu_cs/arm/4.8.4/bin/../lib/gcc/arm-none-eabi/4.8.4/../../../../arm-none-eabi/lib/armv7-m\libg_s.a(lib_a-impure.o)
 .data.impure_data
                0x00000000       0x60 d:/software/psoc/psoc creator/3.1/psoc creator/import/gnu_cs/arm/4.8.4/bin/../lib/gcc/arm-none-eabi/4.8.4/../../../../arm-none-eabi/lib/armv7-m\libg_s.a(lib_a-impure.o)
 .data._impure_ptr
                0x00000000        0x4 d:/software/psoc/psoc creator/3.1/psoc creator/import/gnu_cs/arm/4.8.4/bin/../lib/gcc/arm-none-eabi/4.8.4/../../../../arm-none-eabi/lib/armv7-m\libg_s.a(lib_a-impure.o)
 .rodata.str1.1
                0x00000000        0x2 d:/software/psoc/psoc creator/3.1/psoc creator/import/gnu_cs/arm/4.8.4/bin/../lib/gcc/arm-none-eabi/4.8.4/../../../../arm-none-eabi/lib/armv7-m\libg_s.a(lib_a-impure.o)
 .rodata._global_impure_ptr
                0x00000000        0x4 d:/software/psoc/psoc creator/3.1/psoc creator/import/gnu_cs/arm/4.8.4/bin/../lib/gcc/arm-none-eabi/4.8.4/../../../../arm-none-eabi/lib/armv7-m\libg_s.a(lib_a-impure.o)
 .text          0x00000000        0x0 d:/software/psoc/psoc creator/3.1/psoc creator/import/gnu_cs/arm/4.8.4/bin/../lib/gcc/arm-none-eabi/4.8.4/../../../../arm-none-eabi/lib/armv7-m\libg_s.a(lib_a-init.o)
 .data          0x00000000        0x0 d:/software/psoc/psoc creator/3.1/psoc creator/import/gnu_cs/arm/4.8.4/bin/../lib/gcc/arm-none-eabi/4.8.4/../../../../arm-none-eabi/lib/armv7-m\libg_s.a(lib_a-init.o)
 .bss           0x00000000        0x0 d:/software/psoc/psoc creator/3.1/psoc creator/import/gnu_cs/arm/4.8.4/bin/../lib/gcc/arm-none-eabi/4.8.4/../../../../arm-none-eabi/lib/armv7-m\libg_s.a(lib_a-init.o)
 .text          0x00000000        0x0 d:/software/psoc/psoc creator/3.1/psoc creator/import/gnu_cs/arm/4.8.4/bin/../lib/gcc/arm-none-eabi/4.8.4/../../../../arm-none-eabi/lib/armv7-m\libg_s.a(lib_a-memcpy-stub.o)
 .data          0x00000000        0x0 d:/software/psoc/psoc creator/3.1/psoc creator/import/gnu_cs/arm/4.8.4/bin/../lib/gcc/arm-none-eabi/4.8.4/../../../../arm-none-eabi/lib/armv7-m\libg_s.a(lib_a-memcpy-stub.o)
 .bss           0x00000000        0x0 d:/software/psoc/psoc creator/3.1/psoc creator/import/gnu_cs/arm/4.8.4/bin/../lib/gcc/arm-none-eabi/4.8.4/../../../../arm-none-eabi/lib/armv7-m\libg_s.a(lib_a-memcpy-stub.o)
 .text          0x00000000        0x0 d:/software/psoc/psoc creator/3.1/psoc creator/import/gnu_cs/arm/4.8.4/bin/../lib/gcc/arm-none-eabi/4.8.4/../../../../arm-none-eabi/lib/armv7-m\libg_s.a(lib_a-memset.o)
 .data          0x00000000        0x0 d:/software/psoc/psoc creator/3.1/psoc creator/import/gnu_cs/arm/4.8.4/bin/../lib/gcc/arm-none-eabi/4.8.4/../../../../arm-none-eabi/lib/armv7-m\libg_s.a(lib_a-memset.o)
 .bss           0x00000000        0x0 d:/software/psoc/psoc creator/3.1/psoc creator/import/gnu_cs/arm/4.8.4/bin/../lib/gcc/arm-none-eabi/4.8.4/../../../../arm-none-eabi/lib/armv7-m\libg_s.a(lib_a-memset.o)
 .text          0x00000000        0x0 d:/software/psoc/psoc creator/3.1/psoc creator/import/gnu_cs/arm/4.8.4/bin/../lib/gcc/arm-none-eabi/4.8.4/armv7-m/crtend.o
 .data          0x00000000        0x0 d:/software/psoc/psoc creator/3.1/psoc creator/import/gnu_cs/arm/4.8.4/bin/../lib/gcc/arm-none-eabi/4.8.4/armv7-m/crtend.o
 .bss           0x00000000        0x0 d:/software/psoc/psoc creator/3.1/psoc creator/import/gnu_cs/arm/4.8.4/bin/../lib/gcc/arm-none-eabi/4.8.4/armv7-m/crtend.o
 .text          0x00000000        0x0 d:/software/psoc/psoc creator/3.1/psoc creator/import/gnu_cs/arm/4.8.4/bin/../lib/gcc/arm-none-eabi/4.8.4/armv7-m/crtn.o
 .data          0x00000000        0x0 d:/software/psoc/psoc creator/3.1/psoc creator/import/gnu_cs/arm/4.8.4/bin/../lib/gcc/arm-none-eabi/4.8.4/armv7-m/crtn.o
 .bss           0x00000000        0x0 d:/software/psoc/psoc creator/3.1/psoc creator/import/gnu_cs/arm/4.8.4/bin/../lib/gcc/arm-none-eabi/4.8.4/armv7-m/crtn.o

Memory Configuration

Name             Origin             Length             Attributes
rom              0x00000000         0x00040000         xr
ram              0x1fff8000         0x00010000         xrw
*default*        0x00000000         0xffffffff

Linker script and memory map

LOAD d:/software/psoc/psoc creator/3.1/psoc creator/import/gnu_cs/arm/4.8.4/bin/../lib/gcc/arm-none-eabi/4.8.4/armv7-m/crti.o
LOAD d:/software/psoc/psoc creator/3.1/psoc creator/import/gnu_cs/arm/4.8.4/bin/../lib/gcc/arm-none-eabi/4.8.4/armv7-m/crtbegin.o
LOAD d:/software/psoc/psoc creator/3.1/psoc creator/import/gnu_cs/arm/4.8.4/bin/../lib/gcc/arm-none-eabi/4.8.4/../../../../arm-none-eabi/lib/armv7-m/crt0.o
START GROUP
LOAD .\CortexM3\ARM_GCC_484\Debug\main.o
LOAD .\CortexM3\ARM_GCC_484\Debug\can_manager.o
LOAD .\CortexM3\ARM_GCC_484\Debug\cymetadata.o
LOAD .\CortexM3\ARM_GCC_484\Debug\Cm3Start.o
LOAD .\CortexM3\ARM_GCC_484\Debug\Node-Wolrus.a
LOAD D:\Software\PSOC\PSoC Creator\3.1\PSoC Creator\psoc\content\cycomponentlibrary\CyComponentLibrary.cylib\CortexM3\ARM_GCC_484\Debug\CyComponentLibrary.a
END GROUP
START GROUP
LOAD d:/software/psoc/psoc creator/3.1/psoc creator/import/gnu_cs/arm/4.8.4/bin/../lib/gcc/arm-none-eabi/4.8.4/armv7-m\libgcc.a
LOAD d:/software/psoc/psoc creator/3.1/psoc creator/import/gnu_cs/arm/4.8.4/bin/../lib/gcc/arm-none-eabi/4.8.4/../../../../arm-none-eabi/lib/armv7-m\libg_s.a
LOAD d:/software/psoc/psoc creator/3.1/psoc creator/import/gnu_cs/arm/4.8.4/bin/../lib/gcc/arm-none-eabi/4.8.4/../../../../arm-none-eabi/lib/armv7-m\libc_s.a
END GROUP
START GROUP
LOAD d:/software/psoc/psoc creator/3.1/psoc creator/import/gnu_cs/arm/4.8.4/bin/../lib/gcc/arm-none-eabi/4.8.4/armv7-m\libgcc.a
LOAD d:/software/psoc/psoc creator/3.1/psoc creator/import/gnu_cs/arm/4.8.4/bin/../lib/gcc/arm-none-eabi/4.8.4/../../../../arm-none-eabi/lib/armv7-m\libc_s.a
END GROUP
LOAD d:/software/psoc/psoc creator/3.1/psoc creator/import/gnu_cs/arm/4.8.4/bin/../lib/gcc/arm-none-eabi/4.8.4/armv7-m/crtend.o
LOAD d:/software/psoc/psoc creator/3.1/psoc creator/import/gnu_cs/arm/4.8.4/bin/../lib/gcc/arm-none-eabi/4.8.4/armv7-m/crtn.o
START GROUP
LOAD d:/software/psoc/psoc creator/3.1/psoc creator/import/gnu_cs/arm/4.8.4/bin/../lib/gcc/arm-none-eabi/4.8.4/armv7-m\libgcc.a
LOAD d:/software/psoc/psoc creator/3.1/psoc creator/import/gnu_cs/arm/4.8.4/bin/../lib/gcc/arm-none-eabi/4.8.4/../../../../arm-none-eabi/lib/armv7-m\libc.a
LOAD d:/software/psoc/psoc creator/3.1/psoc creator/import/gnu_cs/arm/4.8.4/bin/../lib/gcc/arm-none-eabi/4.8.4/../../../../arm-none-eabi/lib/armv7-m\libnosys.a
END GROUP
                0x00000000                CY_APPL_ORIGIN = 0x0
                0x00000100                CY_FLASH_ROW_SIZE = 0x100
                0x00000020                CY_ECC_ROW_SIZE = 0x20
                0x00000000                CY_EE_IN_BTLDR = 0x0
                0x00000000                CY_APPL_LOADABLE = 0x0
                0x00000800                CY_EE_SIZE = 0x800
                0x00000001                CY_APPL_NUM = 0x1
                0x00000001                CY_APPL_MAX = 0x1
                0x00000040                CY_METADATA_SIZE = 0x40
                0x1fff8140                PROVIDE (__cy_heap_start, _end)
                0x00000001                PROVIDE (__cy_region_num, ((__cy_regions_end - __cy_regions) / 0x10))
                0x20008000                PROVIDE (__cy_stack, (ORIGIN (ram) + 0x10000))
                0x20007800                PROVIDE (__cy_heap_end, (__cy_stack - 0x800))

.cybootloader   0x00000000        0x0
 *(.cybootloader)
                0x00000000                appl1_start = CY_APPL_ORIGIN?CY_APPL_ORIGIN:ALIGN (CY_FLASH_ROW_SIZE)
                0x0001ff00                appl2_start = (appl1_start + ALIGN ((((0x40000 - appl1_start) - (0x2 * CY_FLASH_ROW_SIZE)) / 0x2), CY_FLASH_ROW_SIZE))
                0x00000000                appl_start = (CY_APPL_NUM == 0x1)?appl1_start:appl2_start
                0x00000000                ecc_offset = ((appl_start / CY_FLASH_ROW_SIZE) * CY_ECC_ROW_SIZE)
                0x00000000                ee_offset = (CY_APPL_LOADABLE && ! (CY_EE_IN_BTLDR))?((CY_EE_SIZE / CY_APPL_MAX) * (CY_APPL_NUM - 0x1)):0x0
                0x00000800                ee_size = (CY_APPL_LOADABLE && ! (CY_EE_IN_BTLDR))?(CY_EE_SIZE / CY_APPL_MAX):CY_EE_SIZE
                0x00000000                PROVIDE (CY_ECC_OFFSET, ecc_offset)

.text           0x00000000     0x1782
 CREATE_OBJECT_SYMBOLS
                0x00000000                PROVIDE (__cy_interrupt_vector, RomVectors)
 *(.romvectors)
 .romvectors    0x00000000       0x10 .\CortexM3\ARM_GCC_484\Debug\Cm3Start.o
                0x00000000                RomVectors
                0x00000001                ASSERT ((. != __cy_interrupt_vector), No interrupt vector)
                0x00000001                ASSERT (CY_APPL_ORIGIN?(SIZEOF (.cybootloader) <= CY_APPL_ORIGIN):0x1, Wrong image location)
                0x00000010                PROVIDE (__cy_reset, Reset)
 *(.text.Reset)
 .text.Reset    0x00000010       0x18 .\CortexM3\ARM_GCC_484\Debug\Cm3Start.o
                0x00000010                Reset
                0x00000001                ASSERT ((. != __cy_reset), No reset code)
 *(.dma_init)
                0x00000001                ASSERT ((((appl_start + .) <= 0x10000) || 0x1), DMA Init must be within the first 64k of flash)
 *(.text .text.* .gnu.linkonce.t.*)
 .text          0x00000028       0x54 d:/software/psoc/psoc creator/3.1/psoc creator/import/gnu_cs/arm/4.8.4/bin/../lib/gcc/arm-none-eabi/4.8.4/armv7-m/crtbegin.o
 *fill*         0x0000007c        0x4 
 .text.main     0x00000080       0xf0 .\CortexM3\ARM_GCC_484\Debug\main.o
                0x00000080                main
 .text.can_init
                0x00000170       0x14 .\CortexM3\ARM_GCC_484\Debug\can_manager.o
                0x00000170                can_init
 .text.can_test_send
                0x00000184       0x64 .\CortexM3\ARM_GCC_484\Debug\can_manager.o
                0x00000184                can_test_send
 .text.IntDefaultHandler
                0x000001e8        0x8 .\CortexM3\ARM_GCC_484\Debug\Cm3Start.o
                0x000001e8                IntDefaultHandler
 .text.Start_c  0x000001f0       0x98 .\CortexM3\ARM_GCC_484\Debug\Cm3Start.o
                0x000001f0                Start_c
 .text.initialize_psoc
                0x00000288       0x8c .\CortexM3\ARM_GCC_484\Debug\Cm3Start.o
                0x00000288                initialize_psoc
 .text.CYMEMZERO
                0x00000314       0x1c .\CortexM3\ARM_GCC_484\Debug\Node-Wolrus.a(cyfitter_cfg.o)
 .text.CYCONFIGCPY
                0x00000330       0x1c .\CortexM3\ARM_GCC_484\Debug\Node-Wolrus.a(cyfitter_cfg.o)
 .text.CyClockStartupError
                0x0000034c        0xc .\CortexM3\ARM_GCC_484\Debug\Node-Wolrus.a(cyfitter_cfg.o)
 .text.cfg_write_bytes32
                0x00000358       0x74 .\CortexM3\ARM_GCC_484\Debug\Node-Wolrus.a(cyfitter_cfg.o)
 .text.ClockSetup
                0x000003cc       0xd8 .\CortexM3\ARM_GCC_484\Debug\Node-Wolrus.a(cyfitter_cfg.o)
 .text.AnalogSetDefault
                0x000004a4       0x44 .\CortexM3\ARM_GCC_484\Debug\Node-Wolrus.a(cyfitter_cfg.o)
 .text.cyfitter_cfg
                0x000004e8      0x110 .\CortexM3\ARM_GCC_484\Debug\Node-Wolrus.a(cyfitter_cfg.o)
                0x000004e8                cyfitter_cfg
 .text.CAN_1_Init
                0x000005f8      0x16c .\CortexM3\ARM_GCC_484\Debug\Node-Wolrus.a(CAN_1.o)
                0x000005f8                CAN_1_Init
 .text.CAN_1_Enable
                0x00000764       0x78 .\CortexM3\ARM_GCC_484\Debug\Node-Wolrus.a(CAN_1.o)
                0x00000764                CAN_1_Enable
 .text.CAN_1_Start
                0x000007dc       0x3c .\CortexM3\ARM_GCC_484\Debug\Node-Wolrus.a(CAN_1.o)
                0x000007dc                CAN_1_Start
 .text.CAN_1_GlobalIntEnable
                0x00000818       0x40 .\CortexM3\ARM_GCC_484\Debug\Node-Wolrus.a(CAN_1.o)
                0x00000818                CAN_1_GlobalIntEnable
 .text.CAN_1_SetPreScaler
                0x00000858       0x44 .\CortexM3\ARM_GCC_484\Debug\Node-Wolrus.a(CAN_1.o)
                0x00000858                CAN_1_SetPreScaler
 .text.CAN_1_SetArbiter
                0x0000089c       0x6c .\CortexM3\ARM_GCC_484\Debug\Node-Wolrus.a(CAN_1.o)
                0x0000089c                CAN_1_SetArbiter
 .text.CAN_1_SetTsegSample
                0x00000908       0xc4 .\CortexM3\ARM_GCC_484\Debug\Node-Wolrus.a(CAN_1.o)
                0x00000908                CAN_1_SetTsegSample
 .text.CAN_1_SetRestartType
                0x000009cc       0x6c .\CortexM3\ARM_GCC_484\Debug\Node-Wolrus.a(CAN_1.o)
                0x000009cc                CAN_1_SetRestartType
 .text.CAN_1_SetEdgeMode
                0x00000a38       0x6c .\CortexM3\ARM_GCC_484\Debug\Node-Wolrus.a(CAN_1.o)
                0x00000a38                CAN_1_SetEdgeMode
 .text.CAN_1_SetOpMode
                0x00000aa4       0x6c .\CortexM3\ARM_GCC_484\Debug\Node-Wolrus.a(CAN_1.o)
                0x00000aa4                CAN_1_SetOpMode
 .text.CAN_1_SetIrqMask
                0x00000b10       0x38 .\CortexM3\ARM_GCC_484\Debug\Node-Wolrus.a(CAN_1.o)
                0x00000b10                CAN_1_SetIrqMask
 .text.CAN_1_RxBufConfig
                0x00000b48       0xec .\CortexM3\ARM_GCC_484\Debug\Node-Wolrus.a(CAN_1.o)
                0x00000b48                CAN_1_RxBufConfig
 .text.CAN_1_TxBufConfig
                0x00000c34       0x88 .\CortexM3\ARM_GCC_484\Debug\Node-Wolrus.a(CAN_1.o)
                0x00000c34                CAN_1_TxBufConfig
 .text.CAN_1_ISR
                0x00000cbc        0xc .\CortexM3\ARM_GCC_484\Debug\Node-Wolrus.a(CAN_1_INT.o)
                0x00000cbc                CAN_1_ISR
 .text.CAN_1_SendMsg
                0x00000cc8      0x160 .\CortexM3\ARM_GCC_484\Debug\Node-Wolrus.a(CAN_1_TX_RX_func.o)
                0x00000cc8                CAN_1_SendMsg
 .text          0x00000e28       0x28 .\CortexM3\ARM_GCC_484\Debug\Node-Wolrus.a(CyBootAsmGnu.o)
                0x00000e28                CyDelayCycles
                0x00000e3c                CyEnterCriticalSection
                0x00000e44                CyExitCriticalSection
 .text.CyHalt   0x00000e50       0x18 .\CortexM3\ARM_GCC_484\Debug\Node-Wolrus.a(CyLib.o)
                0x00000e50                CyHalt
 .text.CyDelay  0x00000e68       0x44 .\CortexM3\ARM_GCC_484\Debug\Node-Wolrus.a(CyLib.o)
                0x00000e68                CyDelay
 .text.CyIntSetVector
                0x00000eac       0x50 .\CortexM3\ARM_GCC_484\Debug\Node-Wolrus.a(CyLib.o)
                0x00000eac                CyIntSetVector
 .text.CyIntSetPriority
                0x00000efc       0x44 .\CortexM3\ARM_GCC_484\Debug\Node-Wolrus.a(CyLib.o)
                0x00000efc                CyIntSetPriority
 .text          0x00000f40      0x370 d:/software/psoc/psoc creator/3.1/psoc creator/import/gnu_cs/arm/4.8.4/bin/../lib/gcc/arm-none-eabi/4.8.4/armv7-m\libgcc.a(_arm_addsubdf3.o)
                0x00000f40                __aeabi_drsub
                0x00000f48                __aeabi_dsub
                0x00000f48                __subdf3
                0x00000f4c                __aeabi_dadd
                0x00000f4c                __adddf3
                0x000011c4                __floatunsidf
                0x000011c4                __aeabi_ui2d
                0x000011e4                __floatsidf
                0x000011e4                __aeabi_i2d
                0x00001208                __aeabi_f2d
                0x00001208                __extendsfdf2
                0x00001244                __floatundidf
                0x00001244                __aeabi_ul2d
                0x00001254                __floatdidf
                0x00001254                __aeabi_l2d
 .text          0x000012b0      0x424 d:/software/psoc/psoc creator/3.1/psoc creator/import/gnu_cs/arm/4.8.4/bin/../lib/gcc/arm-none-eabi/4.8.4/armv7-m\libgcc.a(_arm_muldivdf3.o)
                0x000012b0                __aeabi_dmul
                0x000012b0                __muldf3
                0x00001504                __divdf3
                0x00001504                __aeabi_ddiv
 .text          0x000016d4       0x40 d:/software/psoc/psoc creator/3.1/psoc creator/import/gnu_cs/arm/4.8.4/bin/../lib/gcc/arm-none-eabi/4.8.4/armv7-m\libgcc.a(_arm_fixunsdfsi.o)
                0x000016d4                __aeabi_d2uiz
                0x000016d4                __fixunsdfsi
 .text.__libc_init_array
                0x00001714       0x4c d:/software/psoc/psoc creator/3.1/psoc creator/import/gnu_cs/arm/4.8.4/bin/../lib/gcc/arm-none-eabi/4.8.4/../../../../arm-none-eabi/lib/armv7-m\libg_s.a(lib_a-init.o)
                0x00001714                __libc_init_array
 .text.memcpy   0x00001760       0x12 d:/software/psoc/psoc creator/3.1/psoc creator/import/gnu_cs/arm/4.8.4/bin/../lib/gcc/arm-none-eabi/4.8.4/../../../../arm-none-eabi/lib/armv7-m\libg_s.a(lib_a-memcpy-stub.o)
                0x00001760                memcpy
 .text.memset   0x00001772       0x10 d:/software/psoc/psoc creator/3.1/psoc creator/import/gnu_cs/arm/4.8.4/bin/../lib/gcc/arm-none-eabi/4.8.4/../../../../arm-none-eabi/lib/armv7-m\libg_s.a(lib_a-memset.o)
                0x00001772                memset
 *(.plt)
 *(.gnu.warning)
 *(.glue_7t)
 .glue_7t       0x00000000        0x0 linker stubs
 *(.glue_7)
 .glue_7        0x00000000        0x0 linker stubs
 *(.vfp11_veneer)
 .vfp11_veneer  0x00000000        0x0 linker stubs
 *(.bootloader)
 *(.ARM.extab* .gnu.linkonce.armextab.*)
 *(.gcc_except_table)

.v4_bx          0x00001784        0x0
 .v4_bx         0x00000000        0x0 linker stubs

.iplt           0x00001784        0x0
 .iplt          0x00000000        0x0 d:/software/psoc/psoc creator/3.1/psoc creator/import/gnu_cs/arm/4.8.4/bin/../lib/gcc/arm-none-eabi/4.8.4/armv7-m/crtbegin.o

.eh_frame_hdr
 *(.eh_frame_hdr)

.eh_frame       0x00001784        0x4
 *(.eh_frame)
 .eh_frame      0x00001784        0x0 d:/software/psoc/psoc creator/3.1/psoc creator/import/gnu_cs/arm/4.8.4/bin/../lib/gcc/arm-none-eabi/4.8.4/armv7-m/crtbegin.o
 .eh_frame      0x00001784        0x4 d:/software/psoc/psoc creator/3.1/psoc creator/import/gnu_cs/arm/4.8.4/bin/../lib/gcc/arm-none-eabi/4.8.4/armv7-m/crtend.o
                0x00001788                PROVIDE (__exidx_start, .)

.ARM.exidx
 *(.ARM.exidx* .gnu.linkonce.armexidx.*)
                0x00001788                __exidx_end = .

.rodata         0x00001788      0x1c8
 *(.rodata .rodata.* .gnu.linkonce.r.*)
 .rodata        0x00001788       0x30 .\CortexM3\ARM_GCC_484\Debug\Node-Wolrus.a(cyfitter_cfg.o)
 .rodata        0x000017b8      0x160 .\CortexM3\ARM_GCC_484\Debug\Node-Wolrus.a(CAN_1.o)
                0x00001918                . = ALIGN (0x4)
 *(.init)
 .init          0x00001918        0x4 d:/software/psoc/psoc creator/3.1/psoc creator/import/gnu_cs/arm/4.8.4/bin/../lib/gcc/arm-none-eabi/4.8.4/armv7-m/crti.o
                0x00001918                _init
 .init          0x0000191c        0x8 d:/software/psoc/psoc creator/3.1/psoc creator/import/gnu_cs/arm/4.8.4/bin/../lib/gcc/arm-none-eabi/4.8.4/armv7-m/crtn.o
                0x00001924                . = ALIGN (0x4)
                0x00001924                __preinit_array_start = .
 *(.preinit_array)
                0x00001924                __preinit_array_end = .
                0x00001924                . = ALIGN (0x4)
                0x00001924                __init_array_start = .
 *(SORT(.init_array.*))
 *(.init_array)
 .init_array    0x00001924        0x4 d:/software/psoc/psoc creator/3.1/psoc creator/import/gnu_cs/arm/4.8.4/bin/../lib/gcc/arm-none-eabi/4.8.4/armv7-m/crtbegin.o
 .init_array    0x00001928        0x4 .\CortexM3\ARM_GCC_484\Debug\Cm3Start.o
                0x0000192c                __init_array_end = .
                0x0000192c                . = ALIGN (0x4)
 *(.fini)
 .fini          0x0000192c        0x4 d:/software/psoc/psoc creator/3.1/psoc creator/import/gnu_cs/arm/4.8.4/bin/../lib/gcc/arm-none-eabi/4.8.4/armv7-m/crti.o
                0x0000192c                _fini
 .fini          0x00001930        0x8 d:/software/psoc/psoc creator/3.1/psoc creator/import/gnu_cs/arm/4.8.4/bin/../lib/gcc/arm-none-eabi/4.8.4/armv7-m/crtn.o
                0x00001938                . = ALIGN (0x4)
                0x00001938                __fini_array_start = .
 *(.fini_array)
 .fini_array    0x00001938        0x4 d:/software/psoc/psoc creator/3.1/psoc creator/import/gnu_cs/arm/4.8.4/bin/../lib/gcc/arm-none-eabi/4.8.4/armv7-m/crtbegin.o
 *(SORT(.fini_array.*))
                0x0000193c                __fini_array_end = .
                0x0000193c                . = ALIGN (0x4)
 *crtbegin.o(.ctors)
 *(EXCLUDE_FILE(*crtend.o) .ctors)
 *(SORT(.ctors.*))
 *crtend.o(.ctors)
                0x0000193c                . = ALIGN (0x4)
 *crtbegin.o(.dtors)
 *(EXCLUDE_FILE(*crtend.o) .dtors)
 *(SORT(.dtors.*))
 *crtend.o(.dtors)
                0x0000193c                . = ALIGN (0x4)
                0x0000193c                __cy_regions = .
                0x0000193c        0x4 LONG 0x1950 __cy_region_init_ram
                0x00001940        0x4 LONG 0x1fff8108 __cy_region_start_data
                0x00001944        0x4 LONG 0x18 __cy_region_init_size_ram
                0x00001948        0x4 LONG 0x20 __cy_region_zero_size_ram
                0x0000194c                __cy_regions_end = .
                0x00001950                . = ALIGN (0x8)
 *fill*         0x0000194c        0x4 
                0x00001950                _etext = .

.ramvectors     0x1fff8000      0x100
                0x1fff8000                __cy_region_start_ram = .
 *(.ramvectors)
 .ramvectors    0x1fff8000      0x100 .\CortexM3\ARM_GCC_484\Debug\Cm3Start.o
                0x1fff8000                CyRamVectors

.noinit         0x1fff8100        0x5
 *(.noinit)
 .noinit        0x1fff8100        0x4 .\CortexM3\ARM_GCC_484\Debug\Cm3Start.o
 .noinit        0x1fff8104        0x1 .\CortexM3\ARM_GCC_484\Debug\Node-Wolrus.a(CyLib.o)
                0x1fff8104                CyResetStatus

.data           0x1fff8108       0x18 load address 0x00001950
                0x1fff8108                __cy_region_start_data = .
 *(.jcr)
 .jcr           0x1fff8108        0x0 d:/software/psoc/psoc creator/3.1/psoc creator/import/gnu_cs/arm/4.8.4/bin/../lib/gcc/arm-none-eabi/4.8.4/armv7-m/crtbegin.o
 .jcr           0x1fff8108        0x4 d:/software/psoc/psoc creator/3.1/psoc creator/import/gnu_cs/arm/4.8.4/bin/../lib/gcc/arm-none-eabi/4.8.4/armv7-m/crtend.o
 *(.got.plt)
 *(.got)
 *(.shdata)
 *(.data .data.* .gnu.linkonce.d.*)
 .data          0x1fff810c       0x10 .\CortexM3\ARM_GCC_484\Debug\Node-Wolrus.a(CyLib.o)
                0x1fff810c                cydelay_freq_hz
                0x1fff8110                cydelay_freq_khz
                0x1fff8114                cydelay_freq_mhz
                0x1fff8118                cydelay_32k_ms
                0x1fff8120                . = ALIGN (0x8)
 *fill*         0x1fff811c        0x4 
 *(.ram)
                0x1fff8120                _edata = .

.igot.plt       0x1fff8120        0x0 load address 0x00001968
 .igot.plt      0x00000000        0x0 d:/software/psoc/psoc creator/3.1/psoc creator/import/gnu_cs/arm/4.8.4/bin/../lib/gcc/arm-none-eabi/4.8.4/armv7-m/crtbegin.o

.bss            0x1fff8120       0x20 load address 0x00001968
                0x1fff8120                PROVIDE (__bss_start__, .)
 *(.shbss)
 *(.bss .bss.* .gnu.linkonce.b.*)
 .bss           0x1fff8120       0x1c d:/software/psoc/psoc creator/3.1/psoc creator/import/gnu_cs/arm/4.8.4/bin/../lib/gcc/arm-none-eabi/4.8.4/armv7-m/crtbegin.o
 .bss           0x1fff813c        0x1 .\CortexM3\ARM_GCC_484\Debug\Node-Wolrus.a(CAN_1.o)
                0x1fff813c                CAN_1_initVar
 *(COMMON)
                0x1fff8140                . = ALIGN (0x8)
 *fill*         0x1fff813d        0x3 
 *(.ram.b)
                0x1fff8140                _end = .
                0x1fff8140                __end = .
                0x1fff8140                PROVIDE (end, .)
                0x1fff8140                PROVIDE (__bss_end__, .)
                0x00001950                __cy_region_init_ram = LOADADDR (.data)
                0x00000018                __cy_region_init_size_ram = (_edata - ADDR (.data))
                0x00000020                __cy_region_zero_size_ram = (_end - _edata)

.heap           0x1fff8140       0x80 load address 0x00001968
                0x1fff8140                . = _end
                0x1fff81c0                . = (. + 0x80)
 *fill*         0x1fff8140       0x80 
                0x1fff81c0                __cy_heap_limit = .

.stack          0x20007800      0x800
                0x20007800                __cy_stack_limit = .
                0x20008000                . = (. + 0x800)
 *fill*         0x20007800      0x800 
                0x00000001                ASSERT ((__cy_stack_limit >= __cy_heap_limit), region RAM overflowed with stack)

.cyloadermeta
 *(.cyloadermeta)

.cyloadablemeta
 *(.cyloadablemeta)

.cyconfigecc    0x80000000       0x78
 *(.cyconfigecc)
 .cyconfigecc   0x80000000       0x78 .\CortexM3\ARM_GCC_484\Debug\cymetadata.o
                0x80000000                cy_meta_configecc

.cycustnvl      0x90000000        0x4
 *(.cycustnvl)
 .cycustnvl     0x90000000        0x4 .\CortexM3\ARM_GCC_484\Debug\cymetadata.o
                0x90000000                cy_meta_custnvl

.cywolatch      0x90100000        0x4
 *(.cywolatch)
 .cywolatch     0x90100000        0x4 .\CortexM3\ARM_GCC_484\Debug\cymetadata.o
                0x90100000                cy_meta_wonvl

.cyeeprom       0x90200000        0x0
 *(.cyeeprom)
                0x00000001                ASSERT ((. <= ((0x90200000 + ee_offset) + ee_size)), .cyeeprom data will not fit in EEPROM)

.cyflashprotect
                0x90400000      0x100
 *(.cyflashprotect)
 .cyflashprotect
                0x90400000      0x100 .\CortexM3\ARM_GCC_484\Debug\cymetadata.o
                0x90400000                cy_meta_flashprotect

.cymeta         0x90500000        0xc
 *(.cymeta)
 .cymeta        0x90500000        0xc .\CortexM3\ARM_GCC_484\Debug\cymetadata.o
                0x90500000                cy_metadata

.rel.dyn        0x00001968        0x0 load address 0x9050000c
 .rel.iplt      0x00000000        0x0 d:/software/psoc/psoc creator/3.1/psoc creator/import/gnu_cs/arm/4.8.4/bin/../lib/gcc/arm-none-eabi/4.8.4/armv7-m/crtbegin.o

.stab
 *(.stab)

.stabstr
 *(.stabstr)

.debug
 *(.debug)

.line
 *(.line)

.debug_srcinfo
 *(.debug_srcinfo)

.debug_sfnames
 *(.debug_sfnames)

.debug_aranges  0x00000000      0x650
 *(.debug_aranges)
 .debug_aranges
                0x00000000       0x20 .\CortexM3\ARM_GCC_484\Debug\main.o
 .debug_aranges
                0x00000020       0x28 .\CortexM3\ARM_GCC_484\Debug\can_manager.o
 .debug_aranges
                0x00000048       0x18 .\CortexM3\ARM_GCC_484\Debug\cymetadata.o
 .debug_aranges
                0x00000060       0x48 .\CortexM3\ARM_GCC_484\Debug\Cm3Start.o
 .debug_aranges
                0x000000a8       0x60 .\CortexM3\ARM_GCC_484\Debug\Node-Wolrus.a(cyfitter_cfg.o)
 .debug_aranges
                0x00000108       0xc0 .\CortexM3\ARM_GCC_484\Debug\Node-Wolrus.a(CAN_1.o)
 .debug_aranges
                0x000001c8       0x20 .\CortexM3\ARM_GCC_484\Debug\Node-Wolrus.a(CAN_1_INT.o)
 .debug_aranges
                0x000001e8       0x30 .\CortexM3\ARM_GCC_484\Debug\Node-Wolrus.a(CAN_1_TX_RX_func.o)
 .debug_aranges
                0x00000218       0x20 .\CortexM3\ARM_GCC_484\Debug\Node-Wolrus.a(CyBootAsmGnu.o)
 .debug_aranges
                0x00000238      0x290 .\CortexM3\ARM_GCC_484\Debug\Node-Wolrus.a(CyLib.o)
 .debug_aranges
                0x000004c8       0x90 .\CortexM3\ARM_GCC_484\Debug\Node-Wolrus.a(cyPm.o)
 .debug_aranges
                0x00000558       0x80 .\CortexM3\ARM_GCC_484\Debug\Node-Wolrus.a(CyFlash.o)
 .debug_aranges
                0x000005d8       0x78 .\CortexM3\ARM_GCC_484\Debug\Node-Wolrus.a(CySpc.o)

.debug_pubnames
 *(.debug_pubnames)

.debug_info     0x00000000     0x31c4
 *(.debug_info .gnu.linkonce.wi.*)
 .debug_info    0x00000000      0x142 .\CortexM3\ARM_GCC_484\Debug\main.o
 .debug_info    0x00000142      0x2d0 .\CortexM3\ARM_GCC_484\Debug\can_manager.o
 .debug_info    0x00000412      0x139 .\CortexM3\ARM_GCC_484\Debug\cymetadata.o
 .debug_info    0x0000054b      0x323 .\CortexM3\ARM_GCC_484\Debug\Cm3Start.o
 .debug_info    0x0000086e      0x38e .\CortexM3\ARM_GCC_484\Debug\Node-Wolrus.a(cyfitter_cfg.o)
 .debug_info    0x00000bfc      0x708 .\CortexM3\ARM_GCC_484\Debug\Node-Wolrus.a(CAN_1.o)
 .debug_info    0x00001304       0x9a .\CortexM3\ARM_GCC_484\Debug\Node-Wolrus.a(CAN_1_INT.o)
 .debug_info    0x0000139e      0x324 .\CortexM3\ARM_GCC_484\Debug\Node-Wolrus.a(CAN_1_TX_RX_func.o)
 .debug_info    0x000016c2       0x87 .\CortexM3\ARM_GCC_484\Debug\Node-Wolrus.a(CyBootAsmGnu.o)
 .debug_info    0x00001749      0xd85 .\CortexM3\ARM_GCC_484\Debug\Node-Wolrus.a(CyLib.o)
 .debug_info    0x000024ce      0x536 .\CortexM3\ARM_GCC_484\Debug\Node-Wolrus.a(cyPm.o)
 .debug_info    0x00002a04      0x36a .\CortexM3\ARM_GCC_484\Debug\Node-Wolrus.a(CyFlash.o)
 .debug_info    0x00002d6e      0x456 .\CortexM3\ARM_GCC_484\Debug\Node-Wolrus.a(CySpc.o)

.debug_abbrev   0x00000000      0xe42
 *(.debug_abbrev)
 .debug_abbrev  0x00000000       0x99 .\CortexM3\ARM_GCC_484\Debug\main.o
 .debug_abbrev  0x00000099      0x10c .\CortexM3\ARM_GCC_484\Debug\can_manager.o
 .debug_abbrev  0x000001a5       0x5d .\CortexM3\ARM_GCC_484\Debug\cymetadata.o
 .debug_abbrev  0x00000202      0x1c5 .\CortexM3\ARM_GCC_484\Debug\Cm3Start.o
 .debug_abbrev  0x000003c7      0x185 .\CortexM3\ARM_GCC_484\Debug\Node-Wolrus.a(cyfitter_cfg.o)
 .debug_abbrev  0x0000054c      0x153 .\CortexM3\ARM_GCC_484\Debug\Node-Wolrus.a(CAN_1.o)
 .debug_abbrev  0x0000069f       0x42 .\CortexM3\ARM_GCC_484\Debug\Node-Wolrus.a(CAN_1_INT.o)
 .debug_abbrev  0x000006e1      0x122 .\CortexM3\ARM_GCC_484\Debug\Node-Wolrus.a(CAN_1_TX_RX_func.o)
 .debug_abbrev  0x00000803       0x14 .\CortexM3\ARM_GCC_484\Debug\Node-Wolrus.a(CyBootAsmGnu.o)
 .debug_abbrev  0x00000817      0x217 .\CortexM3\ARM_GCC_484\Debug\Node-Wolrus.a(CyLib.o)
 .debug_abbrev  0x00000a2e      0x16e .\CortexM3\ARM_GCC_484\Debug\Node-Wolrus.a(cyPm.o)
 .debug_abbrev  0x00000b9c      0x12d .\CortexM3\ARM_GCC_484\Debug\Node-Wolrus.a(CyFlash.o)
 .debug_abbrev  0x00000cc9      0x179 .\CortexM3\ARM_GCC_484\Debug\Node-Wolrus.a(CySpc.o)

.debug_line     0x00000000     0x1b64
 *(.debug_line)
 .debug_line    0x00000000      0x18d .\CortexM3\ARM_GCC_484\Debug\main.o
 .debug_line    0x0000018d      0x19c .\CortexM3\ARM_GCC_484\Debug\can_manager.o
 .debug_line    0x00000329       0x53 .\CortexM3\ARM_GCC_484\Debug\cymetadata.o
 .debug_line    0x0000037c      0x1c2 .\CortexM3\ARM_GCC_484\Debug\Cm3Start.o
 .debug_line    0x0000053e      0x1da .\CortexM3\ARM_GCC_484\Debug\Node-Wolrus.a(cyfitter_cfg.o)
 .debug_line    0x00000718      0x2d8 .\CortexM3\ARM_GCC_484\Debug\Node-Wolrus.a(CAN_1.o)
 .debug_line    0x000009f0       0x59 .\CortexM3\ARM_GCC_484\Debug\Node-Wolrus.a(CAN_1_INT.o)
 .debug_line    0x00000a49       0xf1 .\CortexM3\ARM_GCC_484\Debug\Node-Wolrus.a(CAN_1_TX_RX_func.o)
 .debug_line    0x00000b3a       0x68 .\CortexM3\ARM_GCC_484\Debug\Node-Wolrus.a(CyBootAsmGnu.o)
 .debug_line    0x00000ba2      0x839 .\CortexM3\ARM_GCC_484\Debug\Node-Wolrus.a(CyLib.o)
 .debug_line    0x000013db      0x366 .\CortexM3\ARM_GCC_484\Debug\Node-Wolrus.a(cyPm.o)
 .debug_line    0x00001741      0x217 .\CortexM3\ARM_GCC_484\Debug\Node-Wolrus.a(CyFlash.o)
 .debug_line    0x00001958      0x20c .\CortexM3\ARM_GCC_484\Debug\Node-Wolrus.a(CySpc.o)

.debug_frame    0x00000000     0x1428
 *(.debug_frame)
 .debug_frame   0x00000000       0x30 .\CortexM3\ARM_GCC_484\Debug\main.o
 .debug_frame   0x00000030       0x4c .\CortexM3\ARM_GCC_484\Debug\can_manager.o
 .debug_frame   0x0000007c       0xc4 .\CortexM3\ARM_GCC_484\Debug\Cm3Start.o
 .debug_frame   0x00000140      0x120 .\CortexM3\ARM_GCC_484\Debug\Node-Wolrus.a(cyfitter_cfg.o)
 .debug_frame   0x00000260      0x26c .\CortexM3\ARM_GCC_484\Debug\Node-Wolrus.a(CAN_1.o)
 .debug_frame   0x000004cc       0x2c .\CortexM3\ARM_GCC_484\Debug\Node-Wolrus.a(CAN_1_INT.o)
 .debug_frame   0x000004f8       0x64 .\CortexM3\ARM_GCC_484\Debug\Node-Wolrus.a(CAN_1_TX_RX_func.o)
 .debug_frame   0x0000055c      0x924 .\CortexM3\ARM_GCC_484\Debug\Node-Wolrus.a(CyLib.o)
 .debug_frame   0x00000e80      0x1d0 .\CortexM3\ARM_GCC_484\Debug\Node-Wolrus.a(cyPm.o)
 .debug_frame   0x00001050      0x1a8 .\CortexM3\ARM_GCC_484\Debug\Node-Wolrus.a(CyFlash.o)
 .debug_frame   0x000011f8      0x174 .\CortexM3\ARM_GCC_484\Debug\Node-Wolrus.a(CySpc.o)
 .debug_frame   0x0000136c       0x20 d:/software/psoc/psoc creator/3.1/psoc creator/import/gnu_cs/arm/4.8.4/bin/../lib/gcc/arm-none-eabi/4.8.4/../../../../arm-none-eabi/lib/armv7-m\libg_s.a(lib_a-errno.o)
 .debug_frame   0x0000138c       0x28 d:/software/psoc/psoc creator/3.1/psoc creator/import/gnu_cs/arm/4.8.4/bin/../lib/gcc/arm-none-eabi/4.8.4/../../../../arm-none-eabi/lib/armv7-m\libg_s.a(lib_a-exit.o)
 .debug_frame   0x000013b4       0x2c d:/software/psoc/psoc creator/3.1/psoc creator/import/gnu_cs/arm/4.8.4/bin/../lib/gcc/arm-none-eabi/4.8.4/../../../../arm-none-eabi/lib/armv7-m\libg_s.a(lib_a-init.o)
 .debug_frame   0x000013e0       0x28 d:/software/psoc/psoc creator/3.1/psoc creator/import/gnu_cs/arm/4.8.4/bin/../lib/gcc/arm-none-eabi/4.8.4/../../../../arm-none-eabi/lib/armv7-m\libg_s.a(lib_a-memcpy-stub.o)
 .debug_frame   0x00001408       0x20 d:/software/psoc/psoc creator/3.1/psoc creator/import/gnu_cs/arm/4.8.4/bin/../lib/gcc/arm-none-eabi/4.8.4/../../../../arm-none-eabi/lib/armv7-m\libg_s.a(lib_a-memset.o)

.debug_str      0x00000000     0x1662
 *(.debug_str)
 .debug_str     0x00000000      0x164 .\CortexM3\ARM_GCC_484\Debug\main.o
                                0x1bd (size before relaxing)
 .debug_str     0x00000164       0xbc .\CortexM3\ARM_GCC_484\Debug\can_manager.o
                                0x269 (size before relaxing)
 .debug_str     0x00000220       0x77 .\CortexM3\ARM_GCC_484\Debug\cymetadata.o
                                0x1cf (size before relaxing)
 .debug_str     0x00000297      0x132 .\CortexM3\ARM_GCC_484\Debug\Cm3Start.o
                                0x2b0 (size before relaxing)
 .debug_str     0x000003c9      0x15e .\CortexM3\ARM_GCC_484\Debug\Node-Wolrus.a(cyfitter_cfg.o)
                                0x2dc (size before relaxing)
 .debug_str     0x00000527      0x308 .\CortexM3\ARM_GCC_484\Debug\Node-Wolrus.a(CAN_1.o)
                                0x484 (size before relaxing)
 .debug_str     0x0000082f       0x2f .\CortexM3\ARM_GCC_484\Debug\Node-Wolrus.a(CAN_1_INT.o)
                                0x181 (size before relaxing)
 .debug_str     0x0000085e       0x81 .\CortexM3\ARM_GCC_484\Debug\Node-Wolrus.a(CAN_1_TX_RX_func.o)
                                0x29d (size before relaxing)
 .debug_str     0x000008df      0x7aa .\CortexM3\ARM_GCC_484\Debug\Node-Wolrus.a(CyLib.o)
                                0x970 (size before relaxing)
 .debug_str     0x00001089      0x371 .\CortexM3\ARM_GCC_484\Debug\Node-Wolrus.a(cyPm.o)
                                0x500 (size before relaxing)
 .debug_str     0x000013fa      0x147 .\CortexM3\ARM_GCC_484\Debug\Node-Wolrus.a(CyFlash.o)
                                0x2cf (size before relaxing)
 .debug_str     0x00001541      0x121 .\CortexM3\ARM_GCC_484\Debug\Node-Wolrus.a(CySpc.o)
                                0x2cc (size before relaxing)

.debug_loc
 *(.debug_loc)

.debug_macinfo
 *(.debug_macinfo)

.debug_ranges   0x00000000      0x568
 *(.debug_ranges)
 .debug_ranges  0x00000000       0x10 .\CortexM3\ARM_GCC_484\Debug\main.o
 .debug_ranges  0x00000010       0x18 .\CortexM3\ARM_GCC_484\Debug\can_manager.o
 .debug_ranges  0x00000028       0x38 .\CortexM3\ARM_GCC_484\Debug\Cm3Start.o
 .debug_ranges  0x00000060       0x50 .\CortexM3\ARM_GCC_484\Debug\Node-Wolrus.a(cyfitter_cfg.o)
 .debug_ranges  0x000000b0       0xb0 .\CortexM3\ARM_GCC_484\Debug\Node-Wolrus.a(CAN_1.o)
 .debug_ranges  0x00000160       0x10 .\CortexM3\ARM_GCC_484\Debug\Node-Wolrus.a(CAN_1_INT.o)
 .debug_ranges  0x00000170       0x20 .\CortexM3\ARM_GCC_484\Debug\Node-Wolrus.a(CAN_1_TX_RX_func.o)
 .debug_ranges  0x00000190      0x280 .\CortexM3\ARM_GCC_484\Debug\Node-Wolrus.a(CyLib.o)
 .debug_ranges  0x00000410       0x80 .\CortexM3\ARM_GCC_484\Debug\Node-Wolrus.a(cyPm.o)
 .debug_ranges  0x00000490       0x70 .\CortexM3\ARM_GCC_484\Debug\Node-Wolrus.a(CyFlash.o)
 .debug_ranges  0x00000500       0x68 .\CortexM3\ARM_GCC_484\Debug\Node-Wolrus.a(CySpc.o)

.comment        0x00000000       0x70
 .comment       0x00000000       0x70 .\CortexM3\ARM_GCC_484\Debug\main.o
                                 0x71 (size before relaxing)
 .comment       0x00000000       0x71 .\CortexM3\ARM_GCC_484\Debug\can_manager.o
 .comment       0x00000000       0x71 .\CortexM3\ARM_GCC_484\Debug\cymetadata.o
 .comment       0x00000000       0x71 .\CortexM3\ARM_GCC_484\Debug\Cm3Start.o
 .comment       0x00000000       0x71 .\CortexM3\ARM_GCC_484\Debug\Node-Wolrus.a(cyfitter_cfg.o)
 .comment       0x00000000       0x71 .\CortexM3\ARM_GCC_484\Debug\Node-Wolrus.a(CAN_1.o)
 .comment       0x00000000       0x71 .\CortexM3\ARM_GCC_484\Debug\Node-Wolrus.a(CAN_1_INT.o)
 .comment       0x00000000       0x71 .\CortexM3\ARM_GCC_484\Debug\Node-Wolrus.a(CAN_1_TX_RX_func.o)
 .comment       0x00000000       0x71 .\CortexM3\ARM_GCC_484\Debug\Node-Wolrus.a(CyLib.o)
 .comment       0x00000000       0x71 .\CortexM3\ARM_GCC_484\Debug\Node-Wolrus.a(cyPm.o)
 .comment       0x00000000       0x71 .\CortexM3\ARM_GCC_484\Debug\Node-Wolrus.a(CyFlash.o)
 .comment       0x00000000       0x71 .\CortexM3\ARM_GCC_484\Debug\Node-Wolrus.a(CySpc.o)

.debug_weaknames
 *(.debug_weaknames)

.debug_funcnames
 *(.debug_funcnames)

.debug_typenames
 *(.debug_typenames)

.debug_varnames
 *(.debug_varnames)

.note.gnu.arm.ident
 *(.note.gnu.arm.ident)

.ARM.attributes
                0x00000000       0x29
 *(.ARM.attributes)
 .ARM.attributes
                0x00000000       0x1d d:/software/psoc/psoc creator/3.1/psoc creator/import/gnu_cs/arm/4.8.4/bin/../lib/gcc/arm-none-eabi/4.8.4/armv7-m/crti.o
 .ARM.attributes
                0x0000001d       0x2d d:/software/psoc/psoc creator/3.1/psoc creator/import/gnu_cs/arm/4.8.4/bin/../lib/gcc/arm-none-eabi/4.8.4/armv7-m/crtbegin.o
 .ARM.attributes
                0x0000004a       0x1b d:/software/psoc/psoc creator/3.1/psoc creator/import/gnu_cs/arm/4.8.4/bin/../lib/gcc/arm-none-eabi/4.8.4/../../../../arm-none-eabi/lib/armv7-m/crt0.o
 .ARM.attributes
                0x00000065       0x33 .\CortexM3\ARM_GCC_484\Debug\main.o
 .ARM.attributes
                0x00000098       0x33 .\CortexM3\ARM_GCC_484\Debug\can_manager.o
 .ARM.attributes
                0x000000cb       0x33 .\CortexM3\ARM_GCC_484\Debug\cymetadata.o
 .ARM.attributes
                0x000000fe       0x33 .\CortexM3\ARM_GCC_484\Debug\Cm3Start.o
 .ARM.attributes
                0x00000131       0x33 .\CortexM3\ARM_GCC_484\Debug\Node-Wolrus.a(cyfitter_cfg.o)
 .ARM.attributes
                0x00000164       0x33 .\CortexM3\ARM_GCC_484\Debug\Node-Wolrus.a(CAN_1.o)
 .ARM.attributes
                0x00000197       0x33 .\CortexM3\ARM_GCC_484\Debug\Node-Wolrus.a(CAN_1_INT.o)
 .ARM.attributes
                0x000001ca       0x33 .\CortexM3\ARM_GCC_484\Debug\Node-Wolrus.a(CAN_1_TX_RX_func.o)
 .ARM.attributes
                0x000001fd       0x21 .\CortexM3\ARM_GCC_484\Debug\Node-Wolrus.a(CyBootAsmGnu.o)
 .ARM.attributes
                0x0000021e       0x33 .\CortexM3\ARM_GCC_484\Debug\Node-Wolrus.a(CyLib.o)
 .ARM.attributes
                0x00000251       0x33 .\CortexM3\ARM_GCC_484\Debug\Node-Wolrus.a(cyPm.o)
 .ARM.attributes
                0x00000284       0x33 .\CortexM3\ARM_GCC_484\Debug\Node-Wolrus.a(CyFlash.o)
 .ARM.attributes
                0x000002b7       0x33 .\CortexM3\ARM_GCC_484\Debug\Node-Wolrus.a(CySpc.o)
 .ARM.attributes
                0x000002ea       0x1d d:/software/psoc/psoc creator/3.1/psoc creator/import/gnu_cs/arm/4.8.4/bin/../lib/gcc/arm-none-eabi/4.8.4/armv7-m\libgcc.a(_arm_addsubdf3.o)
 .ARM.attributes
                0x00000307       0x1d d:/software/psoc/psoc creator/3.1/psoc creator/import/gnu_cs/arm/4.8.4/bin/../lib/gcc/arm-none-eabi/4.8.4/armv7-m\libgcc.a(_arm_muldivdf3.o)
 .ARM.attributes
                0x00000324       0x1d d:/software/psoc/psoc creator/3.1/psoc creator/import/gnu_cs/arm/4.8.4/bin/../lib/gcc/arm-none-eabi/4.8.4/armv7-m\libgcc.a(_arm_fixunsdfsi.o)
 .ARM.attributes
                0x00000341       0x2d d:/software/psoc/psoc creator/3.1/psoc creator/import/gnu_cs/arm/4.8.4/bin/../lib/gcc/arm-none-eabi/4.8.4/../../../../arm-none-eabi/lib/armv7-m\libg_s.a(lib_a-errno.o)
 .ARM.attributes
                0x0000036e       0x2d d:/software/psoc/psoc creator/3.1/psoc creator/import/gnu_cs/arm/4.8.4/bin/../lib/gcc/arm-none-eabi/4.8.4/../../../../arm-none-eabi/lib/armv7-m\libg_s.a(lib_a-exit.o)
 .ARM.attributes
                0x0000039b       0x2d d:/software/psoc/psoc creator/3.1/psoc creator/import/gnu_cs/arm/4.8.4/bin/../lib/gcc/arm-none-eabi/4.8.4/../../../../arm-none-eabi/lib/armv7-m\libg_s.a(lib_a-impure.o)
 .ARM.attributes
                0x000003c8       0x2d d:/software/psoc/psoc creator/3.1/psoc creator/import/gnu_cs/arm/4.8.4/bin/../lib/gcc/arm-none-eabi/4.8.4/../../../../arm-none-eabi/lib/armv7-m\libg_s.a(lib_a-init.o)
 .ARM.attributes
                0x000003f5       0x2d d:/software/psoc/psoc creator/3.1/psoc creator/import/gnu_cs/arm/4.8.4/bin/../lib/gcc/arm-none-eabi/4.8.4/../../../../arm-none-eabi/lib/armv7-m\libg_s.a(lib_a-memcpy-stub.o)
 .ARM.attributes
                0x00000422       0x2d d:/software/psoc/psoc creator/3.1/psoc creator/import/gnu_cs/arm/4.8.4/bin/../lib/gcc/arm-none-eabi/4.8.4/../../../../arm-none-eabi/lib/armv7-m\libg_s.a(lib_a-memset.o)
 .ARM.attributes
                0x0000044f       0x2d d:/software/psoc/psoc creator/3.1/psoc creator/import/gnu_cs/arm/4.8.4/bin/../lib/gcc/arm-none-eabi/4.8.4/armv7-m/crtend.o
 .ARM.attributes
                0x0000047c       0x1d d:/software/psoc/psoc creator/3.1/psoc creator/import/gnu_cs/arm/4.8.4/bin/../lib/gcc/arm-none-eabi/4.8.4/armv7-m/crtn.o

/DISCARD/
 *(.note.GNU-stack)
OUTPUT(.\CortexM3\ARM_GCC_484\Debug\Node-Wolrus.elf elf32-littlearm)
